// Jest Snapshot v1, https://goo.gl/fbAQLP

exports[`AuthorBooksList matches the snapshot 1`] = `
ShallowWrapper {
  "length": 1,
  Symbol(enzyme.__root__): [Circular],
  Symbol(enzyme.__unrendered__): <AuthorBooksList
    author={
      Object {
        "bookCount": 1,
        "created": 2017-07-01T01:16:43.881Z,
        "firstName": "Aldous",
        "id": "oiw223h3qndlksadffl3ksdf",
        "lastName": "Huxley",
        "updated": 2017-07-01T01:16:43.881Z,
      }
    }
    books={
      Array [
        Object {
          "author": Object {
            "bookCount": 1,
            "created": 2017-07-06T22:02:11.504Z,
            "firstName": "Kurt",
            "id": "9328fhs938hfdsdblkhf98",
            "lastName": "Vonnegut",
            "updated": 2017-07-06T22:02:11.504Z,
          },
          "created": 2017-11-01T01:36:26.220Z,
          "id": "e2TedzRQJKJ1VL5m7QhG",
          "title": "Mother Night",
          "updated": 2017-11-01T01:36:26.220Z,
        },
        Object {
          "author": Object {
            "bookCount": 1,
            "created": 2017-07-06T22:02:11.504Z,
            "firstName": "Kurt",
            "id": "9328fhs938hfdsdblkhf98",
            "lastName": "Vonnegut",
            "updated": 2017-07-06T22:02:11.504Z,
          },
          "created": 2017-11-01T01:39:26.220Z,
          "id": "8ZYttrQY042IhlZ11BVJ",
          "title": "Breakfast of Champions",
          "updated": 2017-11-01T01:39:26.220Z,
        },
      ]
    }
    onBookAddClick={[Function]}
    onBookClick={[Function]}
  />,
  Symbol(enzyme.__renderer__): Object {
    "batchedUpdates": [Function],
    "getNode": [Function],
    "render": [Function],
    "simulateEvent": [Function],
    "unmount": [Function],
  },
  Symbol(enzyme.__node__): Object {
    "instance": null,
    "key": undefined,
    "nodeType": "host",
    "props": Object {
      "children": Array [
        <h5
          className={undefined}
        >
          Books by 
          Aldous Huxley
          <Button
            onClick={[Function]}
            text="Add"
            type="success"
          />
        </h5>,
        <BookList
          books={
            Array [
              Object {
                "author": Object {
                  "bookCount": 1,
                  "created": 2017-07-06T22:02:11.504Z,
                  "firstName": "Kurt",
                  "id": "9328fhs938hfdsdblkhf98",
                  "lastName": "Vonnegut",
                  "updated": 2017-07-06T22:02:11.504Z,
                },
                "created": 2017-11-01T01:36:26.220Z,
                "id": "e2TedzRQJKJ1VL5m7QhG",
                "title": "Mother Night",
                "updated": 2017-11-01T01:36:26.220Z,
              },
              Object {
                "author": Object {
                  "bookCount": 1,
                  "created": 2017-07-06T22:02:11.504Z,
                  "firstName": "Kurt",
                  "id": "9328fhs938hfdsdblkhf98",
                  "lastName": "Vonnegut",
                  "updated": 2017-07-06T22:02:11.504Z,
                },
                "created": 2017-11-01T01:39:26.220Z,
                "id": "8ZYttrQY042IhlZ11BVJ",
                "title": "Breakfast of Champions",
                "updated": 2017-11-01T01:39:26.220Z,
              },
            ]
          }
          onBookClick={[Function]}
        />,
      ],
      "className": undefined,
    },
    "ref": null,
    "rendered": Array [
      Object {
        "instance": null,
        "key": undefined,
        "nodeType": "host",
        "props": Object {
          "children": Array [
            "Books by ",
            "Aldous Huxley",
            <Button
              onClick={[Function]}
              text="Add"
              type="success"
            />,
          ],
          "className": undefined,
        },
        "ref": null,
        "rendered": Array [
          "Books by ",
          "Aldous Huxley",
          Object {
            "instance": null,
            "key": undefined,
            "nodeType": "function",
            "props": Object {
              "onClick": [Function],
              "text": "Add",
              "type": "success",
            },
            "ref": null,
            "rendered": null,
            "type": [Function],
          },
        ],
        "type": "h5",
      },
      Object {
        "instance": null,
        "key": undefined,
        "nodeType": "function",
        "props": Object {
          "books": Array [
            Object {
              "author": Object {
                "bookCount": 1,
                "created": 2017-07-06T22:02:11.504Z,
                "firstName": "Kurt",
                "id": "9328fhs938hfdsdblkhf98",
                "lastName": "Vonnegut",
                "updated": 2017-07-06T22:02:11.504Z,
              },
              "created": 2017-11-01T01:36:26.220Z,
              "id": "e2TedzRQJKJ1VL5m7QhG",
              "title": "Mother Night",
              "updated": 2017-11-01T01:36:26.220Z,
            },
            Object {
              "author": Object {
                "bookCount": 1,
                "created": 2017-07-06T22:02:11.504Z,
                "firstName": "Kurt",
                "id": "9328fhs938hfdsdblkhf98",
                "lastName": "Vonnegut",
                "updated": 2017-07-06T22:02:11.504Z,
              },
              "created": 2017-11-01T01:39:26.220Z,
              "id": "8ZYttrQY042IhlZ11BVJ",
              "title": "Breakfast of Champions",
              "updated": 2017-11-01T01:39:26.220Z,
            },
          ],
          "onBookClick": [Function],
        },
        "ref": null,
        "rendered": null,
        "type": [Function],
      },
    ],
    "type": "div",
  },
  Symbol(enzyme.__nodes__): Array [
    Object {
      "instance": null,
      "key": undefined,
      "nodeType": "host",
      "props": Object {
        "children": Array [
          <h5
            className={undefined}
          >
            Books by 
            Aldous Huxley
            <Button
              onClick={[Function]}
              text="Add"
              type="success"
            />
          </h5>,
          <BookList
            books={
              Array [
                Object {
                  "author": Object {
                    "bookCount": 1,
                    "created": 2017-07-06T22:02:11.504Z,
                    "firstName": "Kurt",
                    "id": "9328fhs938hfdsdblkhf98",
                    "lastName": "Vonnegut",
                    "updated": 2017-07-06T22:02:11.504Z,
                  },
                  "created": 2017-11-01T01:36:26.220Z,
                  "id": "e2TedzRQJKJ1VL5m7QhG",
                  "title": "Mother Night",
                  "updated": 2017-11-01T01:36:26.220Z,
                },
                Object {
                  "author": Object {
                    "bookCount": 1,
                    "created": 2017-07-06T22:02:11.504Z,
                    "firstName": "Kurt",
                    "id": "9328fhs938hfdsdblkhf98",
                    "lastName": "Vonnegut",
                    "updated": 2017-07-06T22:02:11.504Z,
                  },
                  "created": 2017-11-01T01:39:26.220Z,
                  "id": "8ZYttrQY042IhlZ11BVJ",
                  "title": "Breakfast of Champions",
                  "updated": 2017-11-01T01:39:26.220Z,
                },
              ]
            }
            onBookClick={[Function]}
          />,
        ],
        "className": undefined,
      },
      "ref": null,
      "rendered": Array [
        Object {
          "instance": null,
          "key": undefined,
          "nodeType": "host",
          "props": Object {
            "children": Array [
              "Books by ",
              "Aldous Huxley",
              <Button
                onClick={[Function]}
                text="Add"
                type="success"
              />,
            ],
            "className": undefined,
          },
          "ref": null,
          "rendered": Array [
            "Books by ",
            "Aldous Huxley",
            Object {
              "instance": null,
              "key": undefined,
              "nodeType": "function",
              "props": Object {
                "onClick": [Function],
                "text": "Add",
                "type": "success",
              },
              "ref": null,
              "rendered": null,
              "type": [Function],
            },
          ],
          "type": "h5",
        },
        Object {
          "instance": null,
          "key": undefined,
          "nodeType": "function",
          "props": Object {
            "books": Array [
              Object {
                "author": Object {
                  "bookCount": 1,
                  "created": 2017-07-06T22:02:11.504Z,
                  "firstName": "Kurt",
                  "id": "9328fhs938hfdsdblkhf98",
                  "lastName": "Vonnegut",
                  "updated": 2017-07-06T22:02:11.504Z,
                },
                "created": 2017-11-01T01:36:26.220Z,
                "id": "e2TedzRQJKJ1VL5m7QhG",
                "title": "Mother Night",
                "updated": 2017-11-01T01:36:26.220Z,
              },
              Object {
                "author": Object {
                  "bookCount": 1,
                  "created": 2017-07-06T22:02:11.504Z,
                  "firstName": "Kurt",
                  "id": "9328fhs938hfdsdblkhf98",
                  "lastName": "Vonnegut",
                  "updated": 2017-07-06T22:02:11.504Z,
                },
                "created": 2017-11-01T01:39:26.220Z,
                "id": "8ZYttrQY042IhlZ11BVJ",
                "title": "Breakfast of Champions",
                "updated": 2017-11-01T01:39:26.220Z,
              },
            ],
            "onBookClick": [Function],
          },
          "ref": null,
          "rendered": null,
          "type": [Function],
        },
      ],
      "type": "div",
    },
  ],
  Symbol(enzyme.__options__): Object {
    "adapter": ReactSixteenAdapter {
      "options": Object {
        "enableComponentDidUpdateOnSetState": true,
      },
    },
  },
}
`;
