// Jest Snapshot v1, https://goo.gl/fbAQLP

exports[`BookDetailCard matches the snapshot 1`] = `
ShallowWrapper {
  Symbol(enzyme.__root__): [Circular],
  Symbol(enzyme.__unrendered__): <BookDetailCard
    book={
      Object {
        "author": Object {
          "bookCount": 1,
          "created": 2017-07-01T01:16:43.881Z,
          "firstName": "Aldous",
          "id": "oiw223h3qndlksadffl3ksdf",
          "lastName": "Huxley",
          "updated": 2017-07-01T01:16:43.881Z,
        },
        "created": 2018-01-14T01:36:26.220Z,
        "id": "sv3hmbefpc95MRXQsTHr",
        "title": "Brave New World",
        "updated": 2018-01-14T01:36:26.220Z,
      }
    }
    onBackClick={[Function]}
    onDeleteClick={[Function]}
    onEditClick={[Function]}
  />,
  Symbol(enzyme.__renderer__): Object {
    "batchedUpdates": [Function],
    "getNode": [Function],
    "render": [Function],
    "simulateError": [Function],
    "simulateEvent": [Function],
    "unmount": [Function],
  },
  Symbol(enzyme.__node__): Object {
    "instance": null,
    "key": undefined,
    "nodeType": "function",
    "props": Object {
      "children": Array [
        <AuthorLink
          author={
            Object {
              "bookCount": 1,
              "created": 2017-07-01T01:16:43.881Z,
              "firstName": "Aldous",
              "id": "oiw223h3qndlksadffl3ksdf",
              "lastName": "Huxley",
              "updated": 2017-07-01T01:16:43.881Z,
            }
          }
        />,
        <CardTextList
          textList={
            Array [
              Object {
                "title": "Sort by",
                "value": undefined,
              },
              Object {
                "title": "Added",
                "value": "Jan. 13, 2018, 17:36:26",
              },
              Object {
                "title": "Updated",
                "value": "Jan. 13, 2018, 17:36:26",
              },
            ]
          }
        />,
        <CardSpacer
          size="medium"
        />,
        <ButtonRow>
          <Button
            onClick={[Function]}
            position="left"
            text="Edit"
            type="info"
          />
          <Button
            onClick={[Function]}
            text="Delete"
            type="danger"
          />
          <Button
            onClick={[Function]}
            position="right"
            text="Back"
            type="light"
          />
        </ButtonRow>,
      ],
      "header": "Brave New World",
    },
    "ref": null,
    "rendered": Array [
      Object {
        "instance": null,
        "key": undefined,
        "nodeType": "function",
        "props": Object {
          "author": Object {
            "bookCount": 1,
            "created": 2017-07-01T01:16:43.881Z,
            "firstName": "Aldous",
            "id": "oiw223h3qndlksadffl3ksdf",
            "lastName": "Huxley",
            "updated": 2017-07-01T01:16:43.881Z,
          },
        },
        "ref": null,
        "rendered": null,
        "type": [Function],
      },
      Object {
        "instance": null,
        "key": undefined,
        "nodeType": "function",
        "props": Object {
          "textList": Array [
            Object {
              "title": "Sort by",
              "value": undefined,
            },
            Object {
              "title": "Added",
              "value": "Jan. 13, 2018, 17:36:26",
            },
            Object {
              "title": "Updated",
              "value": "Jan. 13, 2018, 17:36:26",
            },
          ],
        },
        "ref": null,
        "rendered": null,
        "type": [Function],
      },
      Object {
        "instance": null,
        "key": undefined,
        "nodeType": "function",
        "props": Object {
          "size": "medium",
        },
        "ref": null,
        "rendered": null,
        "type": [Function],
      },
      Object {
        "instance": null,
        "key": undefined,
        "nodeType": "function",
        "props": Object {
          "children": Array [
            <Button
              onClick={[Function]}
              position="left"
              text="Edit"
              type="info"
            />,
            <Button
              onClick={[Function]}
              text="Delete"
              type="danger"
            />,
            <Button
              onClick={[Function]}
              position="right"
              text="Back"
              type="light"
            />,
          ],
        },
        "ref": null,
        "rendered": Array [
          Object {
            "instance": null,
            "key": undefined,
            "nodeType": "function",
            "props": Object {
              "onClick": [Function],
              "position": "left",
              "text": "Edit",
              "type": "info",
            },
            "ref": null,
            "rendered": null,
            "type": [Function],
          },
          Object {
            "instance": null,
            "key": undefined,
            "nodeType": "function",
            "props": Object {
              "onClick": [Function],
              "text": "Delete",
              "type": "danger",
            },
            "ref": null,
            "rendered": null,
            "type": [Function],
          },
          Object {
            "instance": null,
            "key": undefined,
            "nodeType": "function",
            "props": Object {
              "onClick": [Function],
              "position": "right",
              "text": "Back",
              "type": "light",
            },
            "ref": null,
            "rendered": null,
            "type": [Function],
          },
        ],
        "type": [Function],
      },
    ],
    "type": [Function],
  },
  Symbol(enzyme.__nodes__): Array [
    Object {
      "instance": null,
      "key": undefined,
      "nodeType": "function",
      "props": Object {
        "children": Array [
          <AuthorLink
            author={
              Object {
                "bookCount": 1,
                "created": 2017-07-01T01:16:43.881Z,
                "firstName": "Aldous",
                "id": "oiw223h3qndlksadffl3ksdf",
                "lastName": "Huxley",
                "updated": 2017-07-01T01:16:43.881Z,
              }
            }
          />,
          <CardTextList
            textList={
              Array [
                Object {
                  "title": "Sort by",
                  "value": undefined,
                },
                Object {
                  "title": "Added",
                  "value": "Jan. 13, 2018, 17:36:26",
                },
                Object {
                  "title": "Updated",
                  "value": "Jan. 13, 2018, 17:36:26",
                },
              ]
            }
          />,
          <CardSpacer
            size="medium"
          />,
          <ButtonRow>
            <Button
              onClick={[Function]}
              position="left"
              text="Edit"
              type="info"
            />
            <Button
              onClick={[Function]}
              text="Delete"
              type="danger"
            />
            <Button
              onClick={[Function]}
              position="right"
              text="Back"
              type="light"
            />
          </ButtonRow>,
        ],
        "header": "Brave New World",
      },
      "ref": null,
      "rendered": Array [
        Object {
          "instance": null,
          "key": undefined,
          "nodeType": "function",
          "props": Object {
            "author": Object {
              "bookCount": 1,
              "created": 2017-07-01T01:16:43.881Z,
              "firstName": "Aldous",
              "id": "oiw223h3qndlksadffl3ksdf",
              "lastName": "Huxley",
              "updated": 2017-07-01T01:16:43.881Z,
            },
          },
          "ref": null,
          "rendered": null,
          "type": [Function],
        },
        Object {
          "instance": null,
          "key": undefined,
          "nodeType": "function",
          "props": Object {
            "textList": Array [
              Object {
                "title": "Sort by",
                "value": undefined,
              },
              Object {
                "title": "Added",
                "value": "Jan. 13, 2018, 17:36:26",
              },
              Object {
                "title": "Updated",
                "value": "Jan. 13, 2018, 17:36:26",
              },
            ],
          },
          "ref": null,
          "rendered": null,
          "type": [Function],
        },
        Object {
          "instance": null,
          "key": undefined,
          "nodeType": "function",
          "props": Object {
            "size": "medium",
          },
          "ref": null,
          "rendered": null,
          "type": [Function],
        },
        Object {
          "instance": null,
          "key": undefined,
          "nodeType": "function",
          "props": Object {
            "children": Array [
              <Button
                onClick={[Function]}
                position="left"
                text="Edit"
                type="info"
              />,
              <Button
                onClick={[Function]}
                text="Delete"
                type="danger"
              />,
              <Button
                onClick={[Function]}
                position="right"
                text="Back"
                type="light"
              />,
            ],
          },
          "ref": null,
          "rendered": Array [
            Object {
              "instance": null,
              "key": undefined,
              "nodeType": "function",
              "props": Object {
                "onClick": [Function],
                "position": "left",
                "text": "Edit",
                "type": "info",
              },
              "ref": null,
              "rendered": null,
              "type": [Function],
            },
            Object {
              "instance": null,
              "key": undefined,
              "nodeType": "function",
              "props": Object {
                "onClick": [Function],
                "text": "Delete",
                "type": "danger",
              },
              "ref": null,
              "rendered": null,
              "type": [Function],
            },
            Object {
              "instance": null,
              "key": undefined,
              "nodeType": "function",
              "props": Object {
                "onClick": [Function],
                "position": "right",
                "text": "Back",
                "type": "light",
              },
              "ref": null,
              "rendered": null,
              "type": [Function],
            },
          ],
          "type": [Function],
        },
      ],
      "type": [Function],
    },
  ],
  Symbol(enzyme.__options__): Object {
    "adapter": ReactSixteenAdapter {
      "options": Object {
        "enableComponentDidUpdateOnSetState": true,
        "lifecycles": Object {
          "componentDidUpdate": Object {
            "onSetState": true,
          },
          "getDerivedStateFromProps": true,
          "getSnapshotBeforeUpdate": true,
          "setState": Object {
            "skipsComponentDidUpdateOnNullish": true,
          },
        },
      },
    },
    "attachTo": undefined,
    "hydrateIn": undefined,
  },
}
`;
