// Jest Snapshot v1, https://goo.gl/fbAQLP

exports[`BookListBucket basic rendering matches the snapshot 1`] = `
ShallowWrapper {
  Symbol(enzyme.__root__): [Circular],
  Symbol(enzyme.__unrendered__): <BookListBucket
    bucket={
      Object {
        "author": "Aldous Huxley",
        "books": Array [
          Object {
            "author": Object {
              "bookCount": 1,
              "created": 2017-07-01T01:16:43.881Z,
              "firstName": "Aldous",
              "id": "oiw223h3qndlksadffl3ksdf",
              "lastName": "Huxley",
              "updated": 2017-07-01T01:16:43.881Z,
            },
            "created": 2018-01-14T01:36:26.220Z,
            "id": "sv3hmbefpc95MRXQsTHr",
            "sortBy": "",
            "title": "Brave New World",
            "updated": 2018-01-14T01:36:26.220Z,
          },
          Object {
            "author": Object {
              "bookCount": 1,
              "created": 2017-07-01T01:16:43.881Z,
              "firstName": "Aldous",
              "id": "oiw223h3qndlksadffl3ksdf",
              "lastName": "Huxley",
              "updated": 2017-07-01T01:16:43.881Z,
            },
            "created": 2018-01-15T01:36:26.220Z,
            "id": "Hmh9eR3rs5bMvsTXfpcQ",
            "sortBy": "",
            "title": "Island",
            "updated": 2018-01-15T01:36:26.220Z,
          },
          Object {
            "author": Object {
              "bookCount": 1,
              "created": 2017-07-01T01:16:43.881Z,
              "firstName": "Aldous",
              "id": "oiw223h3qndlksadffl3ksdf",
              "lastName": "Huxley",
              "updated": 2017-07-01T01:16:43.881Z,
            },
            "created": 2018-01-16T01:36:26.220Z,
            "id": "eRpcQ5H3rsTXfmh9bMvs",
            "sortBy": "",
            "title": "The Doors of Perception",
            "updated": 2018-01-16T01:36:26.220Z,
          },
        ],
      }
    }
    onBookClick={[Function]}
  />,
  Symbol(enzyme.__renderer__): Object {
    "batchedUpdates": [Function],
    "getNode": [Function],
    "render": [Function],
    "simulateError": [Function],
    "simulateEvent": [Function],
    "unmount": [Function],
  },
  Symbol(enzyme.__node__): Object {
    "instance": null,
    "key": undefined,
    "nodeType": "class",
    "props": Object {
      "children": Array [
        <BookBucketHeader
          bucket={
            Object {
              "author": "Aldous Huxley",
              "books": Array [
                Object {
                  "author": Object {
                    "bookCount": 1,
                    "created": 2017-07-01T01:16:43.881Z,
                    "firstName": "Aldous",
                    "id": "oiw223h3qndlksadffl3ksdf",
                    "lastName": "Huxley",
                    "updated": 2017-07-01T01:16:43.881Z,
                  },
                  "created": 2018-01-14T01:36:26.220Z,
                  "id": "sv3hmbefpc95MRXQsTHr",
                  "sortBy": "",
                  "title": "Brave New World",
                  "updated": 2018-01-14T01:36:26.220Z,
                },
                Object {
                  "author": Object {
                    "bookCount": 1,
                    "created": 2017-07-01T01:16:43.881Z,
                    "firstName": "Aldous",
                    "id": "oiw223h3qndlksadffl3ksdf",
                    "lastName": "Huxley",
                    "updated": 2017-07-01T01:16:43.881Z,
                  },
                  "created": 2018-01-15T01:36:26.220Z,
                  "id": "Hmh9eR3rs5bMvsTXfpcQ",
                  "sortBy": "",
                  "title": "Island",
                  "updated": 2018-01-15T01:36:26.220Z,
                },
                Object {
                  "author": Object {
                    "bookCount": 1,
                    "created": 2017-07-01T01:16:43.881Z,
                    "firstName": "Aldous",
                    "id": "oiw223h3qndlksadffl3ksdf",
                    "lastName": "Huxley",
                    "updated": 2017-07-01T01:16:43.881Z,
                  },
                  "created": 2018-01-16T01:36:26.220Z,
                  "id": "eRpcQ5H3rsTXfmh9bMvs",
                  "sortBy": "",
                  "title": "The Doors of Perception",
                  "updated": 2018-01-16T01:36:26.220Z,
                },
              ],
            }
          }
          expanded={true}
          onToggleExpanded={[Function]}
        />,
        <BookBucketBookList
          bucket={
            Object {
              "author": "Aldous Huxley",
              "books": Array [
                Object {
                  "author": Object {
                    "bookCount": 1,
                    "created": 2017-07-01T01:16:43.881Z,
                    "firstName": "Aldous",
                    "id": "oiw223h3qndlksadffl3ksdf",
                    "lastName": "Huxley",
                    "updated": 2017-07-01T01:16:43.881Z,
                  },
                  "created": 2018-01-14T01:36:26.220Z,
                  "id": "sv3hmbefpc95MRXQsTHr",
                  "sortBy": "",
                  "title": "Brave New World",
                  "updated": 2018-01-14T01:36:26.220Z,
                },
                Object {
                  "author": Object {
                    "bookCount": 1,
                    "created": 2017-07-01T01:16:43.881Z,
                    "firstName": "Aldous",
                    "id": "oiw223h3qndlksadffl3ksdf",
                    "lastName": "Huxley",
                    "updated": 2017-07-01T01:16:43.881Z,
                  },
                  "created": 2018-01-15T01:36:26.220Z,
                  "id": "Hmh9eR3rs5bMvsTXfpcQ",
                  "sortBy": "",
                  "title": "Island",
                  "updated": 2018-01-15T01:36:26.220Z,
                },
                Object {
                  "author": Object {
                    "bookCount": 1,
                    "created": 2017-07-01T01:16:43.881Z,
                    "firstName": "Aldous",
                    "id": "oiw223h3qndlksadffl3ksdf",
                    "lastName": "Huxley",
                    "updated": 2017-07-01T01:16:43.881Z,
                  },
                  "created": 2018-01-16T01:36:26.220Z,
                  "id": "eRpcQ5H3rsTXfmh9bMvs",
                  "sortBy": "",
                  "title": "The Doors of Perception",
                  "updated": 2018-01-16T01:36:26.220Z,
                },
              ],
            }
          }
          onBookClick={[Function]}
        />,
      ],
    },
    "ref": null,
    "rendered": Array [
      Object {
        "instance": null,
        "key": undefined,
        "nodeType": "function",
        "props": Object {
          "bucket": Object {
            "author": "Aldous Huxley",
            "books": Array [
              Object {
                "author": Object {
                  "bookCount": 1,
                  "created": 2017-07-01T01:16:43.881Z,
                  "firstName": "Aldous",
                  "id": "oiw223h3qndlksadffl3ksdf",
                  "lastName": "Huxley",
                  "updated": 2017-07-01T01:16:43.881Z,
                },
                "created": 2018-01-14T01:36:26.220Z,
                "id": "sv3hmbefpc95MRXQsTHr",
                "sortBy": "",
                "title": "Brave New World",
                "updated": 2018-01-14T01:36:26.220Z,
              },
              Object {
                "author": Object {
                  "bookCount": 1,
                  "created": 2017-07-01T01:16:43.881Z,
                  "firstName": "Aldous",
                  "id": "oiw223h3qndlksadffl3ksdf",
                  "lastName": "Huxley",
                  "updated": 2017-07-01T01:16:43.881Z,
                },
                "created": 2018-01-15T01:36:26.220Z,
                "id": "Hmh9eR3rs5bMvsTXfpcQ",
                "sortBy": "",
                "title": "Island",
                "updated": 2018-01-15T01:36:26.220Z,
              },
              Object {
                "author": Object {
                  "bookCount": 1,
                  "created": 2017-07-01T01:16:43.881Z,
                  "firstName": "Aldous",
                  "id": "oiw223h3qndlksadffl3ksdf",
                  "lastName": "Huxley",
                  "updated": 2017-07-01T01:16:43.881Z,
                },
                "created": 2018-01-16T01:36:26.220Z,
                "id": "eRpcQ5H3rsTXfmh9bMvs",
                "sortBy": "",
                "title": "The Doors of Perception",
                "updated": 2018-01-16T01:36:26.220Z,
              },
            ],
          },
          "expanded": true,
          "onToggleExpanded": [Function],
        },
        "ref": null,
        "rendered": null,
        "type": [Function],
      },
      Object {
        "instance": null,
        "key": undefined,
        "nodeType": "function",
        "props": Object {
          "bucket": Object {
            "author": "Aldous Huxley",
            "books": Array [
              Object {
                "author": Object {
                  "bookCount": 1,
                  "created": 2017-07-01T01:16:43.881Z,
                  "firstName": "Aldous",
                  "id": "oiw223h3qndlksadffl3ksdf",
                  "lastName": "Huxley",
                  "updated": 2017-07-01T01:16:43.881Z,
                },
                "created": 2018-01-14T01:36:26.220Z,
                "id": "sv3hmbefpc95MRXQsTHr",
                "sortBy": "",
                "title": "Brave New World",
                "updated": 2018-01-14T01:36:26.220Z,
              },
              Object {
                "author": Object {
                  "bookCount": 1,
                  "created": 2017-07-01T01:16:43.881Z,
                  "firstName": "Aldous",
                  "id": "oiw223h3qndlksadffl3ksdf",
                  "lastName": "Huxley",
                  "updated": 2017-07-01T01:16:43.881Z,
                },
                "created": 2018-01-15T01:36:26.220Z,
                "id": "Hmh9eR3rs5bMvsTXfpcQ",
                "sortBy": "",
                "title": "Island",
                "updated": 2018-01-15T01:36:26.220Z,
              },
              Object {
                "author": Object {
                  "bookCount": 1,
                  "created": 2017-07-01T01:16:43.881Z,
                  "firstName": "Aldous",
                  "id": "oiw223h3qndlksadffl3ksdf",
                  "lastName": "Huxley",
                  "updated": 2017-07-01T01:16:43.881Z,
                },
                "created": 2018-01-16T01:36:26.220Z,
                "id": "eRpcQ5H3rsTXfmh9bMvs",
                "sortBy": "",
                "title": "The Doors of Perception",
                "updated": 2018-01-16T01:36:26.220Z,
              },
            ],
          },
          "onBookClick": [Function],
        },
        "ref": null,
        "rendered": null,
        "type": [Function],
      },
    ],
    "type": [Function],
  },
  Symbol(enzyme.__nodes__): Array [
    Object {
      "instance": null,
      "key": undefined,
      "nodeType": "class",
      "props": Object {
        "children": Array [
          <BookBucketHeader
            bucket={
              Object {
                "author": "Aldous Huxley",
                "books": Array [
                  Object {
                    "author": Object {
                      "bookCount": 1,
                      "created": 2017-07-01T01:16:43.881Z,
                      "firstName": "Aldous",
                      "id": "oiw223h3qndlksadffl3ksdf",
                      "lastName": "Huxley",
                      "updated": 2017-07-01T01:16:43.881Z,
                    },
                    "created": 2018-01-14T01:36:26.220Z,
                    "id": "sv3hmbefpc95MRXQsTHr",
                    "sortBy": "",
                    "title": "Brave New World",
                    "updated": 2018-01-14T01:36:26.220Z,
                  },
                  Object {
                    "author": Object {
                      "bookCount": 1,
                      "created": 2017-07-01T01:16:43.881Z,
                      "firstName": "Aldous",
                      "id": "oiw223h3qndlksadffl3ksdf",
                      "lastName": "Huxley",
                      "updated": 2017-07-01T01:16:43.881Z,
                    },
                    "created": 2018-01-15T01:36:26.220Z,
                    "id": "Hmh9eR3rs5bMvsTXfpcQ",
                    "sortBy": "",
                    "title": "Island",
                    "updated": 2018-01-15T01:36:26.220Z,
                  },
                  Object {
                    "author": Object {
                      "bookCount": 1,
                      "created": 2017-07-01T01:16:43.881Z,
                      "firstName": "Aldous",
                      "id": "oiw223h3qndlksadffl3ksdf",
                      "lastName": "Huxley",
                      "updated": 2017-07-01T01:16:43.881Z,
                    },
                    "created": 2018-01-16T01:36:26.220Z,
                    "id": "eRpcQ5H3rsTXfmh9bMvs",
                    "sortBy": "",
                    "title": "The Doors of Perception",
                    "updated": 2018-01-16T01:36:26.220Z,
                  },
                ],
              }
            }
            expanded={true}
            onToggleExpanded={[Function]}
          />,
          <BookBucketBookList
            bucket={
              Object {
                "author": "Aldous Huxley",
                "books": Array [
                  Object {
                    "author": Object {
                      "bookCount": 1,
                      "created": 2017-07-01T01:16:43.881Z,
                      "firstName": "Aldous",
                      "id": "oiw223h3qndlksadffl3ksdf",
                      "lastName": "Huxley",
                      "updated": 2017-07-01T01:16:43.881Z,
                    },
                    "created": 2018-01-14T01:36:26.220Z,
                    "id": "sv3hmbefpc95MRXQsTHr",
                    "sortBy": "",
                    "title": "Brave New World",
                    "updated": 2018-01-14T01:36:26.220Z,
                  },
                  Object {
                    "author": Object {
                      "bookCount": 1,
                      "created": 2017-07-01T01:16:43.881Z,
                      "firstName": "Aldous",
                      "id": "oiw223h3qndlksadffl3ksdf",
                      "lastName": "Huxley",
                      "updated": 2017-07-01T01:16:43.881Z,
                    },
                    "created": 2018-01-15T01:36:26.220Z,
                    "id": "Hmh9eR3rs5bMvsTXfpcQ",
                    "sortBy": "",
                    "title": "Island",
                    "updated": 2018-01-15T01:36:26.220Z,
                  },
                  Object {
                    "author": Object {
                      "bookCount": 1,
                      "created": 2017-07-01T01:16:43.881Z,
                      "firstName": "Aldous",
                      "id": "oiw223h3qndlksadffl3ksdf",
                      "lastName": "Huxley",
                      "updated": 2017-07-01T01:16:43.881Z,
                    },
                    "created": 2018-01-16T01:36:26.220Z,
                    "id": "eRpcQ5H3rsTXfmh9bMvs",
                    "sortBy": "",
                    "title": "The Doors of Perception",
                    "updated": 2018-01-16T01:36:26.220Z,
                  },
                ],
              }
            }
            onBookClick={[Function]}
          />,
        ],
      },
      "ref": null,
      "rendered": Array [
        Object {
          "instance": null,
          "key": undefined,
          "nodeType": "function",
          "props": Object {
            "bucket": Object {
              "author": "Aldous Huxley",
              "books": Array [
                Object {
                  "author": Object {
                    "bookCount": 1,
                    "created": 2017-07-01T01:16:43.881Z,
                    "firstName": "Aldous",
                    "id": "oiw223h3qndlksadffl3ksdf",
                    "lastName": "Huxley",
                    "updated": 2017-07-01T01:16:43.881Z,
                  },
                  "created": 2018-01-14T01:36:26.220Z,
                  "id": "sv3hmbefpc95MRXQsTHr",
                  "sortBy": "",
                  "title": "Brave New World",
                  "updated": 2018-01-14T01:36:26.220Z,
                },
                Object {
                  "author": Object {
                    "bookCount": 1,
                    "created": 2017-07-01T01:16:43.881Z,
                    "firstName": "Aldous",
                    "id": "oiw223h3qndlksadffl3ksdf",
                    "lastName": "Huxley",
                    "updated": 2017-07-01T01:16:43.881Z,
                  },
                  "created": 2018-01-15T01:36:26.220Z,
                  "id": "Hmh9eR3rs5bMvsTXfpcQ",
                  "sortBy": "",
                  "title": "Island",
                  "updated": 2018-01-15T01:36:26.220Z,
                },
                Object {
                  "author": Object {
                    "bookCount": 1,
                    "created": 2017-07-01T01:16:43.881Z,
                    "firstName": "Aldous",
                    "id": "oiw223h3qndlksadffl3ksdf",
                    "lastName": "Huxley",
                    "updated": 2017-07-01T01:16:43.881Z,
                  },
                  "created": 2018-01-16T01:36:26.220Z,
                  "id": "eRpcQ5H3rsTXfmh9bMvs",
                  "sortBy": "",
                  "title": "The Doors of Perception",
                  "updated": 2018-01-16T01:36:26.220Z,
                },
              ],
            },
            "expanded": true,
            "onToggleExpanded": [Function],
          },
          "ref": null,
          "rendered": null,
          "type": [Function],
        },
        Object {
          "instance": null,
          "key": undefined,
          "nodeType": "function",
          "props": Object {
            "bucket": Object {
              "author": "Aldous Huxley",
              "books": Array [
                Object {
                  "author": Object {
                    "bookCount": 1,
                    "created": 2017-07-01T01:16:43.881Z,
                    "firstName": "Aldous",
                    "id": "oiw223h3qndlksadffl3ksdf",
                    "lastName": "Huxley",
                    "updated": 2017-07-01T01:16:43.881Z,
                  },
                  "created": 2018-01-14T01:36:26.220Z,
                  "id": "sv3hmbefpc95MRXQsTHr",
                  "sortBy": "",
                  "title": "Brave New World",
                  "updated": 2018-01-14T01:36:26.220Z,
                },
                Object {
                  "author": Object {
                    "bookCount": 1,
                    "created": 2017-07-01T01:16:43.881Z,
                    "firstName": "Aldous",
                    "id": "oiw223h3qndlksadffl3ksdf",
                    "lastName": "Huxley",
                    "updated": 2017-07-01T01:16:43.881Z,
                  },
                  "created": 2018-01-15T01:36:26.220Z,
                  "id": "Hmh9eR3rs5bMvsTXfpcQ",
                  "sortBy": "",
                  "title": "Island",
                  "updated": 2018-01-15T01:36:26.220Z,
                },
                Object {
                  "author": Object {
                    "bookCount": 1,
                    "created": 2017-07-01T01:16:43.881Z,
                    "firstName": "Aldous",
                    "id": "oiw223h3qndlksadffl3ksdf",
                    "lastName": "Huxley",
                    "updated": 2017-07-01T01:16:43.881Z,
                  },
                  "created": 2018-01-16T01:36:26.220Z,
                  "id": "eRpcQ5H3rsTXfmh9bMvs",
                  "sortBy": "",
                  "title": "The Doors of Perception",
                  "updated": 2018-01-16T01:36:26.220Z,
                },
              ],
            },
            "onBookClick": [Function],
          },
          "ref": null,
          "rendered": null,
          "type": [Function],
        },
      ],
      "type": [Function],
    },
  ],
  Symbol(enzyme.__options__): Object {
    "adapter": ReactSixteenAdapter {
      "options": Object {
        "enableComponentDidUpdateOnSetState": true,
        "lifecycles": Object {
          "componentDidUpdate": Object {
            "onSetState": true,
          },
          "getDerivedStateFromProps": true,
          "getSnapshotBeforeUpdate": true,
          "setState": Object {
            "skipsComponentDidUpdateOnNullish": true,
          },
        },
      },
    },
    "attachTo": undefined,
    "hydrateIn": undefined,
  },
}
`;
