// Jest Snapshot v1, https://goo.gl/fbAQLP

exports[`AuthorDetailView matches the snapshot 1`] = `
ShallowWrapper {
  Symbol(enzyme.__root__): [Circular],
  Symbol(enzyme.__unrendered__): <AuthorDetailView
    author={
      Object {
        "bookCount": 1,
        "created": 2017-07-01T01:16:43.881Z,
        "firstName": "Aldous",
        "id": "oiw223h3qndlksadffl3ksdf",
        "lastName": "Huxley",
        "updated": 2017-07-01T01:16:43.881Z,
      }
    }
    booksForAuthor={
      Array [
        Object {
          "author": Object {
            "bookCount": 1,
            "created": 2017-07-01T01:16:43.881Z,
            "firstName": "Aldous",
            "id": "oiw223h3qndlksadffl3ksdf",
            "lastName": "Huxley",
            "updated": 2017-07-01T01:16:43.881Z,
          },
          "created": 2018-01-14T01:36:26.220Z,
          "id": "sv3hmbefpc95MRXQsTHr",
          "sortBy": "",
          "title": "Brave New World",
          "updated": 2018-01-14T01:36:26.220Z,
        },
        Object {
          "author": Object {
            "bookCount": 1,
            "created": 2017-07-01T01:16:43.881Z,
            "firstName": "Aldous",
            "id": "oiw223h3qndlksadffl3ksdf",
            "lastName": "Huxley",
            "updated": 2017-07-01T01:16:43.881Z,
          },
          "created": 2018-01-15T01:36:26.220Z,
          "id": "Hmh9eR3rs5bMvsTXfpcQ",
          "sortBy": "",
          "title": "Island",
          "updated": 2018-01-15T01:36:26.220Z,
        },
        Object {
          "author": Object {
            "bookCount": 1,
            "created": 2017-07-01T01:16:43.881Z,
            "firstName": "Aldous",
            "id": "oiw223h3qndlksadffl3ksdf",
            "lastName": "Huxley",
            "updated": 2017-07-01T01:16:43.881Z,
          },
          "created": 2018-01-16T01:36:26.220Z,
          "id": "eRpcQ5H3rsTXfmh9bMvs",
          "sortBy": "",
          "title": "The Doors of Perception",
          "updated": 2018-01-16T01:36:26.220Z,
        },
        Object {
          "author": Object {
            "bookCount": 1,
            "created": 2017-07-06T22:02:11.504Z,
            "firstName": "Kurt",
            "id": "9328fhs938hfdsdblkhf98",
            "lastName": "Vonnegut",
            "updated": 2017-07-06T22:02:11.504Z,
          },
          "created": 2017-11-01T01:36:26.220Z,
          "id": "e2TedzRQJKJ1VL5m7QhG",
          "sortBy": "",
          "title": "Mother Night",
          "updated": 2017-11-01T01:36:26.220Z,
        },
        Object {
          "author": Object {
            "bookCount": 1,
            "created": 2017-07-06T22:02:11.504Z,
            "firstName": "Kurt",
            "id": "9328fhs938hfdsdblkhf98",
            "lastName": "Vonnegut",
            "updated": 2017-07-06T22:02:11.504Z,
          },
          "created": 2017-11-01T01:39:26.220Z,
          "id": "8ZYttrQY042IhlZ11BVJ",
          "sortBy": "",
          "title": "Breakfast of Champions",
          "updated": 2017-11-01T01:39:26.220Z,
        },
        Object {
          "author": Object {
            "bookCount": 2,
            "created": 2017-07-06T22:02:17.051Z,
            "firstName": "Stephen",
            "id": "93ucbe8c8fn98w7b276v",
            "lastName": "King",
            "updated": 2017-08-17T21:27:35.885Z,
          },
          "created": 2017-10-01T01:39:26.220Z,
          "id": "2IYttrQYhlZ118Z04BVJ",
          "sortBy": "Dark Tower 1",
          "title": "The Gunslinger",
          "updated": 2017-10-01T01:39:26.220Z,
        },
        Object {
          "author": Object {
            "bookCount": 2,
            "created": 2017-07-06T22:02:17.051Z,
            "firstName": "Stephen",
            "id": "93ucbe8c8fn98w7b276v",
            "lastName": "King",
            "updated": 2017-08-17T21:27:35.885Z,
          },
          "created": 2017-10-01T01:39:26.220Z,
          "id": "2IYt04BVltrQYhZ118ZJ",
          "sortBy": "Dark Tower 2",
          "title": "The Drawing of the Three",
          "updated": 2017-10-01T01:39:26.220Z,
        },
      ]
    }
    onBackClick={[Function]}
    onBookAddClick={[Function]}
    onBookClick={[Function]}
    onDeleteClick={[Function]}
    onEditClick={[Function]}
    topLevelError=""
  />,
  Symbol(enzyme.__renderer__): Object {
    "batchedUpdates": [Function],
    "getNode": [Function],
    "render": [Function],
    "simulateError": [Function],
    "simulateEvent": [Function],
    "unmount": [Function],
  },
  Symbol(enzyme.__node__): Object {
    "instance": null,
    "key": undefined,
    "nodeType": "class",
    "props": Object {
      "children": Array [
        "",
        <AuthorDetailCard
          author={
            Object {
              "bookCount": 1,
              "created": 2017-07-01T01:16:43.881Z,
              "firstName": "Aldous",
              "id": "oiw223h3qndlksadffl3ksdf",
              "lastName": "Huxley",
              "updated": 2017-07-01T01:16:43.881Z,
            }
          }
          onBackClick={[Function]}
          onDeleteClick={[Function]}
          onEditClick={[Function]}
        />,
        <AuthorBooksList
          author={
            Object {
              "bookCount": 1,
              "created": 2017-07-01T01:16:43.881Z,
              "firstName": "Aldous",
              "id": "oiw223h3qndlksadffl3ksdf",
              "lastName": "Huxley",
              "updated": 2017-07-01T01:16:43.881Z,
            }
          }
          books={
            Array [
              Object {
                "author": Object {
                  "bookCount": 1,
                  "created": 2017-07-01T01:16:43.881Z,
                  "firstName": "Aldous",
                  "id": "oiw223h3qndlksadffl3ksdf",
                  "lastName": "Huxley",
                  "updated": 2017-07-01T01:16:43.881Z,
                },
                "created": 2018-01-14T01:36:26.220Z,
                "id": "sv3hmbefpc95MRXQsTHr",
                "sortBy": "",
                "title": "Brave New World",
                "updated": 2018-01-14T01:36:26.220Z,
              },
              Object {
                "author": Object {
                  "bookCount": 1,
                  "created": 2017-07-01T01:16:43.881Z,
                  "firstName": "Aldous",
                  "id": "oiw223h3qndlksadffl3ksdf",
                  "lastName": "Huxley",
                  "updated": 2017-07-01T01:16:43.881Z,
                },
                "created": 2018-01-15T01:36:26.220Z,
                "id": "Hmh9eR3rs5bMvsTXfpcQ",
                "sortBy": "",
                "title": "Island",
                "updated": 2018-01-15T01:36:26.220Z,
              },
              Object {
                "author": Object {
                  "bookCount": 1,
                  "created": 2017-07-01T01:16:43.881Z,
                  "firstName": "Aldous",
                  "id": "oiw223h3qndlksadffl3ksdf",
                  "lastName": "Huxley",
                  "updated": 2017-07-01T01:16:43.881Z,
                },
                "created": 2018-01-16T01:36:26.220Z,
                "id": "eRpcQ5H3rsTXfmh9bMvs",
                "sortBy": "",
                "title": "The Doors of Perception",
                "updated": 2018-01-16T01:36:26.220Z,
              },
              Object {
                "author": Object {
                  "bookCount": 1,
                  "created": 2017-07-06T22:02:11.504Z,
                  "firstName": "Kurt",
                  "id": "9328fhs938hfdsdblkhf98",
                  "lastName": "Vonnegut",
                  "updated": 2017-07-06T22:02:11.504Z,
                },
                "created": 2017-11-01T01:36:26.220Z,
                "id": "e2TedzRQJKJ1VL5m7QhG",
                "sortBy": "",
                "title": "Mother Night",
                "updated": 2017-11-01T01:36:26.220Z,
              },
              Object {
                "author": Object {
                  "bookCount": 1,
                  "created": 2017-07-06T22:02:11.504Z,
                  "firstName": "Kurt",
                  "id": "9328fhs938hfdsdblkhf98",
                  "lastName": "Vonnegut",
                  "updated": 2017-07-06T22:02:11.504Z,
                },
                "created": 2017-11-01T01:39:26.220Z,
                "id": "8ZYttrQY042IhlZ11BVJ",
                "sortBy": "",
                "title": "Breakfast of Champions",
                "updated": 2017-11-01T01:39:26.220Z,
              },
              Object {
                "author": Object {
                  "bookCount": 2,
                  "created": 2017-07-06T22:02:17.051Z,
                  "firstName": "Stephen",
                  "id": "93ucbe8c8fn98w7b276v",
                  "lastName": "King",
                  "updated": 2017-08-17T21:27:35.885Z,
                },
                "created": 2017-10-01T01:39:26.220Z,
                "id": "2IYttrQYhlZ118Z04BVJ",
                "sortBy": "Dark Tower 1",
                "title": "The Gunslinger",
                "updated": 2017-10-01T01:39:26.220Z,
              },
              Object {
                "author": Object {
                  "bookCount": 2,
                  "created": 2017-07-06T22:02:17.051Z,
                  "firstName": "Stephen",
                  "id": "93ucbe8c8fn98w7b276v",
                  "lastName": "King",
                  "updated": 2017-08-17T21:27:35.885Z,
                },
                "created": 2017-10-01T01:39:26.220Z,
                "id": "2IYt04BVltrQYhZ118ZJ",
                "sortBy": "Dark Tower 2",
                "title": "The Drawing of the Three",
                "updated": 2017-10-01T01:39:26.220Z,
              },
            ]
          }
          onBookAddClick={[Function]}
          onBookClick={[Function]}
        />,
      ],
    },
    "ref": null,
    "rendered": Array [
      "",
      Object {
        "instance": null,
        "key": undefined,
        "nodeType": "function",
        "props": Object {
          "author": Object {
            "bookCount": 1,
            "created": 2017-07-01T01:16:43.881Z,
            "firstName": "Aldous",
            "id": "oiw223h3qndlksadffl3ksdf",
            "lastName": "Huxley",
            "updated": 2017-07-01T01:16:43.881Z,
          },
          "onBackClick": [Function],
          "onDeleteClick": [Function],
          "onEditClick": [Function],
        },
        "ref": null,
        "rendered": null,
        "type": [Function],
      },
      Object {
        "instance": null,
        "key": undefined,
        "nodeType": "function",
        "props": Object {
          "author": Object {
            "bookCount": 1,
            "created": 2017-07-01T01:16:43.881Z,
            "firstName": "Aldous",
            "id": "oiw223h3qndlksadffl3ksdf",
            "lastName": "Huxley",
            "updated": 2017-07-01T01:16:43.881Z,
          },
          "books": Array [
            Object {
              "author": Object {
                "bookCount": 1,
                "created": 2017-07-01T01:16:43.881Z,
                "firstName": "Aldous",
                "id": "oiw223h3qndlksadffl3ksdf",
                "lastName": "Huxley",
                "updated": 2017-07-01T01:16:43.881Z,
              },
              "created": 2018-01-14T01:36:26.220Z,
              "id": "sv3hmbefpc95MRXQsTHr",
              "sortBy": "",
              "title": "Brave New World",
              "updated": 2018-01-14T01:36:26.220Z,
            },
            Object {
              "author": Object {
                "bookCount": 1,
                "created": 2017-07-01T01:16:43.881Z,
                "firstName": "Aldous",
                "id": "oiw223h3qndlksadffl3ksdf",
                "lastName": "Huxley",
                "updated": 2017-07-01T01:16:43.881Z,
              },
              "created": 2018-01-15T01:36:26.220Z,
              "id": "Hmh9eR3rs5bMvsTXfpcQ",
              "sortBy": "",
              "title": "Island",
              "updated": 2018-01-15T01:36:26.220Z,
            },
            Object {
              "author": Object {
                "bookCount": 1,
                "created": 2017-07-01T01:16:43.881Z,
                "firstName": "Aldous",
                "id": "oiw223h3qndlksadffl3ksdf",
                "lastName": "Huxley",
                "updated": 2017-07-01T01:16:43.881Z,
              },
              "created": 2018-01-16T01:36:26.220Z,
              "id": "eRpcQ5H3rsTXfmh9bMvs",
              "sortBy": "",
              "title": "The Doors of Perception",
              "updated": 2018-01-16T01:36:26.220Z,
            },
            Object {
              "author": Object {
                "bookCount": 1,
                "created": 2017-07-06T22:02:11.504Z,
                "firstName": "Kurt",
                "id": "9328fhs938hfdsdblkhf98",
                "lastName": "Vonnegut",
                "updated": 2017-07-06T22:02:11.504Z,
              },
              "created": 2017-11-01T01:36:26.220Z,
              "id": "e2TedzRQJKJ1VL5m7QhG",
              "sortBy": "",
              "title": "Mother Night",
              "updated": 2017-11-01T01:36:26.220Z,
            },
            Object {
              "author": Object {
                "bookCount": 1,
                "created": 2017-07-06T22:02:11.504Z,
                "firstName": "Kurt",
                "id": "9328fhs938hfdsdblkhf98",
                "lastName": "Vonnegut",
                "updated": 2017-07-06T22:02:11.504Z,
              },
              "created": 2017-11-01T01:39:26.220Z,
              "id": "8ZYttrQY042IhlZ11BVJ",
              "sortBy": "",
              "title": "Breakfast of Champions",
              "updated": 2017-11-01T01:39:26.220Z,
            },
            Object {
              "author": Object {
                "bookCount": 2,
                "created": 2017-07-06T22:02:17.051Z,
                "firstName": "Stephen",
                "id": "93ucbe8c8fn98w7b276v",
                "lastName": "King",
                "updated": 2017-08-17T21:27:35.885Z,
              },
              "created": 2017-10-01T01:39:26.220Z,
              "id": "2IYttrQYhlZ118Z04BVJ",
              "sortBy": "Dark Tower 1",
              "title": "The Gunslinger",
              "updated": 2017-10-01T01:39:26.220Z,
            },
            Object {
              "author": Object {
                "bookCount": 2,
                "created": 2017-07-06T22:02:17.051Z,
                "firstName": "Stephen",
                "id": "93ucbe8c8fn98w7b276v",
                "lastName": "King",
                "updated": 2017-08-17T21:27:35.885Z,
              },
              "created": 2017-10-01T01:39:26.220Z,
              "id": "2IYt04BVltrQYhZ118ZJ",
              "sortBy": "Dark Tower 2",
              "title": "The Drawing of the Three",
              "updated": 2017-10-01T01:39:26.220Z,
            },
          ],
          "onBookAddClick": [Function],
          "onBookClick": [Function],
        },
        "ref": null,
        "rendered": null,
        "type": [Function],
      },
    ],
    "type": [Function],
  },
  Symbol(enzyme.__nodes__): Array [
    Object {
      "instance": null,
      "key": undefined,
      "nodeType": "class",
      "props": Object {
        "children": Array [
          "",
          <AuthorDetailCard
            author={
              Object {
                "bookCount": 1,
                "created": 2017-07-01T01:16:43.881Z,
                "firstName": "Aldous",
                "id": "oiw223h3qndlksadffl3ksdf",
                "lastName": "Huxley",
                "updated": 2017-07-01T01:16:43.881Z,
              }
            }
            onBackClick={[Function]}
            onDeleteClick={[Function]}
            onEditClick={[Function]}
          />,
          <AuthorBooksList
            author={
              Object {
                "bookCount": 1,
                "created": 2017-07-01T01:16:43.881Z,
                "firstName": "Aldous",
                "id": "oiw223h3qndlksadffl3ksdf",
                "lastName": "Huxley",
                "updated": 2017-07-01T01:16:43.881Z,
              }
            }
            books={
              Array [
                Object {
                  "author": Object {
                    "bookCount": 1,
                    "created": 2017-07-01T01:16:43.881Z,
                    "firstName": "Aldous",
                    "id": "oiw223h3qndlksadffl3ksdf",
                    "lastName": "Huxley",
                    "updated": 2017-07-01T01:16:43.881Z,
                  },
                  "created": 2018-01-14T01:36:26.220Z,
                  "id": "sv3hmbefpc95MRXQsTHr",
                  "sortBy": "",
                  "title": "Brave New World",
                  "updated": 2018-01-14T01:36:26.220Z,
                },
                Object {
                  "author": Object {
                    "bookCount": 1,
                    "created": 2017-07-01T01:16:43.881Z,
                    "firstName": "Aldous",
                    "id": "oiw223h3qndlksadffl3ksdf",
                    "lastName": "Huxley",
                    "updated": 2017-07-01T01:16:43.881Z,
                  },
                  "created": 2018-01-15T01:36:26.220Z,
                  "id": "Hmh9eR3rs5bMvsTXfpcQ",
                  "sortBy": "",
                  "title": "Island",
                  "updated": 2018-01-15T01:36:26.220Z,
                },
                Object {
                  "author": Object {
                    "bookCount": 1,
                    "created": 2017-07-01T01:16:43.881Z,
                    "firstName": "Aldous",
                    "id": "oiw223h3qndlksadffl3ksdf",
                    "lastName": "Huxley",
                    "updated": 2017-07-01T01:16:43.881Z,
                  },
                  "created": 2018-01-16T01:36:26.220Z,
                  "id": "eRpcQ5H3rsTXfmh9bMvs",
                  "sortBy": "",
                  "title": "The Doors of Perception",
                  "updated": 2018-01-16T01:36:26.220Z,
                },
                Object {
                  "author": Object {
                    "bookCount": 1,
                    "created": 2017-07-06T22:02:11.504Z,
                    "firstName": "Kurt",
                    "id": "9328fhs938hfdsdblkhf98",
                    "lastName": "Vonnegut",
                    "updated": 2017-07-06T22:02:11.504Z,
                  },
                  "created": 2017-11-01T01:36:26.220Z,
                  "id": "e2TedzRQJKJ1VL5m7QhG",
                  "sortBy": "",
                  "title": "Mother Night",
                  "updated": 2017-11-01T01:36:26.220Z,
                },
                Object {
                  "author": Object {
                    "bookCount": 1,
                    "created": 2017-07-06T22:02:11.504Z,
                    "firstName": "Kurt",
                    "id": "9328fhs938hfdsdblkhf98",
                    "lastName": "Vonnegut",
                    "updated": 2017-07-06T22:02:11.504Z,
                  },
                  "created": 2017-11-01T01:39:26.220Z,
                  "id": "8ZYttrQY042IhlZ11BVJ",
                  "sortBy": "",
                  "title": "Breakfast of Champions",
                  "updated": 2017-11-01T01:39:26.220Z,
                },
                Object {
                  "author": Object {
                    "bookCount": 2,
                    "created": 2017-07-06T22:02:17.051Z,
                    "firstName": "Stephen",
                    "id": "93ucbe8c8fn98w7b276v",
                    "lastName": "King",
                    "updated": 2017-08-17T21:27:35.885Z,
                  },
                  "created": 2017-10-01T01:39:26.220Z,
                  "id": "2IYttrQYhlZ118Z04BVJ",
                  "sortBy": "Dark Tower 1",
                  "title": "The Gunslinger",
                  "updated": 2017-10-01T01:39:26.220Z,
                },
                Object {
                  "author": Object {
                    "bookCount": 2,
                    "created": 2017-07-06T22:02:17.051Z,
                    "firstName": "Stephen",
                    "id": "93ucbe8c8fn98w7b276v",
                    "lastName": "King",
                    "updated": 2017-08-17T21:27:35.885Z,
                  },
                  "created": 2017-10-01T01:39:26.220Z,
                  "id": "2IYt04BVltrQYhZ118ZJ",
                  "sortBy": "Dark Tower 2",
                  "title": "The Drawing of the Three",
                  "updated": 2017-10-01T01:39:26.220Z,
                },
              ]
            }
            onBookAddClick={[Function]}
            onBookClick={[Function]}
          />,
        ],
      },
      "ref": null,
      "rendered": Array [
        "",
        Object {
          "instance": null,
          "key": undefined,
          "nodeType": "function",
          "props": Object {
            "author": Object {
              "bookCount": 1,
              "created": 2017-07-01T01:16:43.881Z,
              "firstName": "Aldous",
              "id": "oiw223h3qndlksadffl3ksdf",
              "lastName": "Huxley",
              "updated": 2017-07-01T01:16:43.881Z,
            },
            "onBackClick": [Function],
            "onDeleteClick": [Function],
            "onEditClick": [Function],
          },
          "ref": null,
          "rendered": null,
          "type": [Function],
        },
        Object {
          "instance": null,
          "key": undefined,
          "nodeType": "function",
          "props": Object {
            "author": Object {
              "bookCount": 1,
              "created": 2017-07-01T01:16:43.881Z,
              "firstName": "Aldous",
              "id": "oiw223h3qndlksadffl3ksdf",
              "lastName": "Huxley",
              "updated": 2017-07-01T01:16:43.881Z,
            },
            "books": Array [
              Object {
                "author": Object {
                  "bookCount": 1,
                  "created": 2017-07-01T01:16:43.881Z,
                  "firstName": "Aldous",
                  "id": "oiw223h3qndlksadffl3ksdf",
                  "lastName": "Huxley",
                  "updated": 2017-07-01T01:16:43.881Z,
                },
                "created": 2018-01-14T01:36:26.220Z,
                "id": "sv3hmbefpc95MRXQsTHr",
                "sortBy": "",
                "title": "Brave New World",
                "updated": 2018-01-14T01:36:26.220Z,
              },
              Object {
                "author": Object {
                  "bookCount": 1,
                  "created": 2017-07-01T01:16:43.881Z,
                  "firstName": "Aldous",
                  "id": "oiw223h3qndlksadffl3ksdf",
                  "lastName": "Huxley",
                  "updated": 2017-07-01T01:16:43.881Z,
                },
                "created": 2018-01-15T01:36:26.220Z,
                "id": "Hmh9eR3rs5bMvsTXfpcQ",
                "sortBy": "",
                "title": "Island",
                "updated": 2018-01-15T01:36:26.220Z,
              },
              Object {
                "author": Object {
                  "bookCount": 1,
                  "created": 2017-07-01T01:16:43.881Z,
                  "firstName": "Aldous",
                  "id": "oiw223h3qndlksadffl3ksdf",
                  "lastName": "Huxley",
                  "updated": 2017-07-01T01:16:43.881Z,
                },
                "created": 2018-01-16T01:36:26.220Z,
                "id": "eRpcQ5H3rsTXfmh9bMvs",
                "sortBy": "",
                "title": "The Doors of Perception",
                "updated": 2018-01-16T01:36:26.220Z,
              },
              Object {
                "author": Object {
                  "bookCount": 1,
                  "created": 2017-07-06T22:02:11.504Z,
                  "firstName": "Kurt",
                  "id": "9328fhs938hfdsdblkhf98",
                  "lastName": "Vonnegut",
                  "updated": 2017-07-06T22:02:11.504Z,
                },
                "created": 2017-11-01T01:36:26.220Z,
                "id": "e2TedzRQJKJ1VL5m7QhG",
                "sortBy": "",
                "title": "Mother Night",
                "updated": 2017-11-01T01:36:26.220Z,
              },
              Object {
                "author": Object {
                  "bookCount": 1,
                  "created": 2017-07-06T22:02:11.504Z,
                  "firstName": "Kurt",
                  "id": "9328fhs938hfdsdblkhf98",
                  "lastName": "Vonnegut",
                  "updated": 2017-07-06T22:02:11.504Z,
                },
                "created": 2017-11-01T01:39:26.220Z,
                "id": "8ZYttrQY042IhlZ11BVJ",
                "sortBy": "",
                "title": "Breakfast of Champions",
                "updated": 2017-11-01T01:39:26.220Z,
              },
              Object {
                "author": Object {
                  "bookCount": 2,
                  "created": 2017-07-06T22:02:17.051Z,
                  "firstName": "Stephen",
                  "id": "93ucbe8c8fn98w7b276v",
                  "lastName": "King",
                  "updated": 2017-08-17T21:27:35.885Z,
                },
                "created": 2017-10-01T01:39:26.220Z,
                "id": "2IYttrQYhlZ118Z04BVJ",
                "sortBy": "Dark Tower 1",
                "title": "The Gunslinger",
                "updated": 2017-10-01T01:39:26.220Z,
              },
              Object {
                "author": Object {
                  "bookCount": 2,
                  "created": 2017-07-06T22:02:17.051Z,
                  "firstName": "Stephen",
                  "id": "93ucbe8c8fn98w7b276v",
                  "lastName": "King",
                  "updated": 2017-08-17T21:27:35.885Z,
                },
                "created": 2017-10-01T01:39:26.220Z,
                "id": "2IYt04BVltrQYhZ118ZJ",
                "sortBy": "Dark Tower 2",
                "title": "The Drawing of the Three",
                "updated": 2017-10-01T01:39:26.220Z,
              },
            ],
            "onBookAddClick": [Function],
            "onBookClick": [Function],
          },
          "ref": null,
          "rendered": null,
          "type": [Function],
        },
      ],
      "type": [Function],
    },
  ],
  Symbol(enzyme.__options__): Object {
    "adapter": ReactSixteenAdapter {
      "options": Object {
        "enableComponentDidUpdateOnSetState": true,
        "lifecycles": Object {
          "componentDidUpdate": Object {
            "onSetState": true,
          },
          "getDerivedStateFromProps": true,
          "getSnapshotBeforeUpdate": true,
          "setState": Object {
            "skipsComponentDidUpdateOnNullish": true,
          },
        },
      },
    },
    "attachTo": undefined,
    "hydrateIn": undefined,
  },
}
`;
