// Jest Snapshot v1, https://goo.gl/fbAQLP

exports[`AuthorForm with "author" populated matches the snapshot 1`] = `
ShallowWrapper {
  Symbol(enzyme.__root__): [Circular],
  Symbol(enzyme.__unrendered__): <AuthorForm
    author={
      Object {
        "bookCount": 1,
        "created": 2017-07-01T01:16:43.881Z,
        "firstName": "Aldous",
        "id": "oiw223h3qndlksadffl3ksdf",
        "lastName": "Huxley",
        "updated": 2017-07-01T01:16:43.881Z,
      }
    }
    disabled={false}
    errors={
      Object {
        "firstName": "",
        "lastName": "",
      }
    }
    onCancel={[Function]}
    onInputChange={[Function]}
    onSubmit={[Function]}
    submitDisabled={false}
    topLevelError=""
  />,
  Symbol(enzyme.__renderer__): Object {
    "batchedUpdates": [Function],
    "getNode": [Function],
    "render": [Function],
    "simulateError": [Function],
    "simulateEvent": [Function],
    "unmount": [Function],
  },
  Symbol(enzyme.__node__): Object {
    "instance": null,
    "key": undefined,
    "nodeType": "function",
    "props": Object {
      "children": Array [
        <InputField
          boundValue="Aldous"
          disabled={false}
          error=""
          label="First name"
          name="firstName"
          onInputChange={[Function]}
        />,
        <InputField
          boundValue="Huxley"
          disabled={false}
          error=""
          label="Last name"
          name="lastName"
          onInputChange={[Function]}
        />,
      ],
      "classes": Array [
        "author-form",
      ],
      "disabled": false,
      "onCancel": [Function],
      "onSubmit": [Function],
      "submitDisabled": false,
      "topLevelError": "",
    },
    "ref": null,
    "rendered": Array [
      Object {
        "instance": null,
        "key": undefined,
        "nodeType": "function",
        "props": Object {
          "boundValue": "Aldous",
          "disabled": false,
          "error": "",
          "label": "First name",
          "name": "firstName",
          "onInputChange": [Function],
        },
        "ref": null,
        "rendered": null,
        "type": [Function],
      },
      Object {
        "instance": null,
        "key": undefined,
        "nodeType": "function",
        "props": Object {
          "boundValue": "Huxley",
          "disabled": false,
          "error": "",
          "label": "Last name",
          "name": "lastName",
          "onInputChange": [Function],
        },
        "ref": null,
        "rendered": null,
        "type": [Function],
      },
    ],
    "type": [Function],
  },
  Symbol(enzyme.__nodes__): Array [
    Object {
      "instance": null,
      "key": undefined,
      "nodeType": "function",
      "props": Object {
        "children": Array [
          <InputField
            boundValue="Aldous"
            disabled={false}
            error=""
            label="First name"
            name="firstName"
            onInputChange={[Function]}
          />,
          <InputField
            boundValue="Huxley"
            disabled={false}
            error=""
            label="Last name"
            name="lastName"
            onInputChange={[Function]}
          />,
        ],
        "classes": Array [
          "author-form",
        ],
        "disabled": false,
        "onCancel": [Function],
        "onSubmit": [Function],
        "submitDisabled": false,
        "topLevelError": "",
      },
      "ref": null,
      "rendered": Array [
        Object {
          "instance": null,
          "key": undefined,
          "nodeType": "function",
          "props": Object {
            "boundValue": "Aldous",
            "disabled": false,
            "error": "",
            "label": "First name",
            "name": "firstName",
            "onInputChange": [Function],
          },
          "ref": null,
          "rendered": null,
          "type": [Function],
        },
        Object {
          "instance": null,
          "key": undefined,
          "nodeType": "function",
          "props": Object {
            "boundValue": "Huxley",
            "disabled": false,
            "error": "",
            "label": "Last name",
            "name": "lastName",
            "onInputChange": [Function],
          },
          "ref": null,
          "rendered": null,
          "type": [Function],
        },
      ],
      "type": [Function],
    },
  ],
  Symbol(enzyme.__options__): Object {
    "adapter": ReactSixteenAdapter {
      "options": Object {
        "enableComponentDidUpdateOnSetState": true,
        "lifecycles": Object {
          "componentDidUpdate": Object {
            "onSetState": true,
          },
          "getDerivedStateFromProps": true,
          "getSnapshotBeforeUpdate": true,
          "setState": Object {
            "skipsComponentDidUpdateOnNullish": true,
          },
        },
      },
    },
    "attachTo": undefined,
    "hydrateIn": undefined,
  },
}
`;
