// Jest Snapshot v1, https://goo.gl/fbAQLP

exports[`BookBucketBooks matches the snapshot 1`] = `
ShallowWrapper {
  "length": 1,
  Symbol(enzyme.__root__): [Circular],
  Symbol(enzyme.__unrendered__): <BookBucketBookList
    bucket={
      Object {
        "author": "Aldous Huxley",
        "books": Array [
          Object {
            "author": Object {
              "bookCount": 1,
              "created": 2017-07-01T01:16:43.881Z,
              "firstName": "Aldous",
              "id": "oiw223h3qndlksadffl3ksdf",
              "lastName": "Huxley",
              "updated": 2017-07-01T01:16:43.881Z,
            },
            "created": 2018-01-14T01:36:26.220Z,
            "id": "sv3hmbefpc95MRXQsTHr",
            "title": "Brave New World",
            "updated": 2018-01-14T01:36:26.220Z,
          },
          Object {
            "author": Object {
              "bookCount": 1,
              "created": 2017-07-01T01:16:43.881Z,
              "firstName": "Aldous",
              "id": "oiw223h3qndlksadffl3ksdf",
              "lastName": "Huxley",
              "updated": 2017-07-01T01:16:43.881Z,
            },
            "created": 2018-01-15T01:36:26.220Z,
            "id": "Hmh9eR3rs5bMvsTXfpcQ",
            "title": "Island",
            "updated": 2018-01-15T01:36:26.220Z,
          },
          Object {
            "author": Object {
              "bookCount": 1,
              "created": 2017-07-01T01:16:43.881Z,
              "firstName": "Aldous",
              "id": "oiw223h3qndlksadffl3ksdf",
              "lastName": "Huxley",
              "updated": 2017-07-01T01:16:43.881Z,
            },
            "created": 2018-01-16T01:36:26.220Z,
            "id": "eRpcQ5H3rsTXfmh9bMvs",
            "title": "The Doors of Perception",
            "updated": 2018-01-16T01:36:26.220Z,
          },
        ],
      }
    }
    onBookClick={[Function]}
  />,
  Symbol(enzyme.__renderer__): Object {
    "batchedUpdates": [Function],
    "getNode": [Function],
    "render": [Function],
    "simulateEvent": [Function],
    "unmount": [Function],
  },
  Symbol(enzyme.__node__): Object {
    "instance": null,
    "key": undefined,
    "nodeType": "host",
    "props": Object {
      "children": Array [
        <BookListDetail
          book={
            Object {
              "author": Object {
                "bookCount": 1,
                "created": 2017-07-01T01:16:43.881Z,
                "firstName": "Aldous",
                "id": "oiw223h3qndlksadffl3ksdf",
                "lastName": "Huxley",
                "updated": 2017-07-01T01:16:43.881Z,
              },
              "created": 2018-01-14T01:36:26.220Z,
              "id": "sv3hmbefpc95MRXQsTHr",
              "title": "Brave New World",
              "updated": 2018-01-14T01:36:26.220Z,
            }
          }
          onClick={[Function]}
          showAuthor={false}
        />,
        <BookListDetail
          book={
            Object {
              "author": Object {
                "bookCount": 1,
                "created": 2017-07-01T01:16:43.881Z,
                "firstName": "Aldous",
                "id": "oiw223h3qndlksadffl3ksdf",
                "lastName": "Huxley",
                "updated": 2017-07-01T01:16:43.881Z,
              },
              "created": 2018-01-15T01:36:26.220Z,
              "id": "Hmh9eR3rs5bMvsTXfpcQ",
              "title": "Island",
              "updated": 2018-01-15T01:36:26.220Z,
            }
          }
          onClick={[Function]}
          showAuthor={false}
        />,
        <BookListDetail
          book={
            Object {
              "author": Object {
                "bookCount": 1,
                "created": 2017-07-01T01:16:43.881Z,
                "firstName": "Aldous",
                "id": "oiw223h3qndlksadffl3ksdf",
                "lastName": "Huxley",
                "updated": 2017-07-01T01:16:43.881Z,
              },
              "created": 2018-01-16T01:36:26.220Z,
              "id": "eRpcQ5H3rsTXfmh9bMvs",
              "title": "The Doors of Perception",
              "updated": 2018-01-16T01:36:26.220Z,
            }
          }
          onClick={[Function]}
          showAuthor={false}
        />,
      ],
      "className": "bookly-book-bucket__book-list",
    },
    "ref": null,
    "rendered": Array [
      Object {
        "instance": null,
        "key": "sv3hmbefpc95MRXQsTHr",
        "nodeType": "function",
        "props": Object {
          "book": Object {
            "author": Object {
              "bookCount": 1,
              "created": 2017-07-01T01:16:43.881Z,
              "firstName": "Aldous",
              "id": "oiw223h3qndlksadffl3ksdf",
              "lastName": "Huxley",
              "updated": 2017-07-01T01:16:43.881Z,
            },
            "created": 2018-01-14T01:36:26.220Z,
            "id": "sv3hmbefpc95MRXQsTHr",
            "title": "Brave New World",
            "updated": 2018-01-14T01:36:26.220Z,
          },
          "onClick": [Function],
          "showAuthor": false,
        },
        "ref": null,
        "rendered": null,
        "type": [Function],
      },
      Object {
        "instance": null,
        "key": "Hmh9eR3rs5bMvsTXfpcQ",
        "nodeType": "function",
        "props": Object {
          "book": Object {
            "author": Object {
              "bookCount": 1,
              "created": 2017-07-01T01:16:43.881Z,
              "firstName": "Aldous",
              "id": "oiw223h3qndlksadffl3ksdf",
              "lastName": "Huxley",
              "updated": 2017-07-01T01:16:43.881Z,
            },
            "created": 2018-01-15T01:36:26.220Z,
            "id": "Hmh9eR3rs5bMvsTXfpcQ",
            "title": "Island",
            "updated": 2018-01-15T01:36:26.220Z,
          },
          "onClick": [Function],
          "showAuthor": false,
        },
        "ref": null,
        "rendered": null,
        "type": [Function],
      },
      Object {
        "instance": null,
        "key": "eRpcQ5H3rsTXfmh9bMvs",
        "nodeType": "function",
        "props": Object {
          "book": Object {
            "author": Object {
              "bookCount": 1,
              "created": 2017-07-01T01:16:43.881Z,
              "firstName": "Aldous",
              "id": "oiw223h3qndlksadffl3ksdf",
              "lastName": "Huxley",
              "updated": 2017-07-01T01:16:43.881Z,
            },
            "created": 2018-01-16T01:36:26.220Z,
            "id": "eRpcQ5H3rsTXfmh9bMvs",
            "title": "The Doors of Perception",
            "updated": 2018-01-16T01:36:26.220Z,
          },
          "onClick": [Function],
          "showAuthor": false,
        },
        "ref": null,
        "rendered": null,
        "type": [Function],
      },
    ],
    "type": "div",
  },
  Symbol(enzyme.__nodes__): Array [
    Object {
      "instance": null,
      "key": undefined,
      "nodeType": "host",
      "props": Object {
        "children": Array [
          <BookListDetail
            book={
              Object {
                "author": Object {
                  "bookCount": 1,
                  "created": 2017-07-01T01:16:43.881Z,
                  "firstName": "Aldous",
                  "id": "oiw223h3qndlksadffl3ksdf",
                  "lastName": "Huxley",
                  "updated": 2017-07-01T01:16:43.881Z,
                },
                "created": 2018-01-14T01:36:26.220Z,
                "id": "sv3hmbefpc95MRXQsTHr",
                "title": "Brave New World",
                "updated": 2018-01-14T01:36:26.220Z,
              }
            }
            onClick={[Function]}
            showAuthor={false}
          />,
          <BookListDetail
            book={
              Object {
                "author": Object {
                  "bookCount": 1,
                  "created": 2017-07-01T01:16:43.881Z,
                  "firstName": "Aldous",
                  "id": "oiw223h3qndlksadffl3ksdf",
                  "lastName": "Huxley",
                  "updated": 2017-07-01T01:16:43.881Z,
                },
                "created": 2018-01-15T01:36:26.220Z,
                "id": "Hmh9eR3rs5bMvsTXfpcQ",
                "title": "Island",
                "updated": 2018-01-15T01:36:26.220Z,
              }
            }
            onClick={[Function]}
            showAuthor={false}
          />,
          <BookListDetail
            book={
              Object {
                "author": Object {
                  "bookCount": 1,
                  "created": 2017-07-01T01:16:43.881Z,
                  "firstName": "Aldous",
                  "id": "oiw223h3qndlksadffl3ksdf",
                  "lastName": "Huxley",
                  "updated": 2017-07-01T01:16:43.881Z,
                },
                "created": 2018-01-16T01:36:26.220Z,
                "id": "eRpcQ5H3rsTXfmh9bMvs",
                "title": "The Doors of Perception",
                "updated": 2018-01-16T01:36:26.220Z,
              }
            }
            onClick={[Function]}
            showAuthor={false}
          />,
        ],
        "className": "bookly-book-bucket__book-list",
      },
      "ref": null,
      "rendered": Array [
        Object {
          "instance": null,
          "key": "sv3hmbefpc95MRXQsTHr",
          "nodeType": "function",
          "props": Object {
            "book": Object {
              "author": Object {
                "bookCount": 1,
                "created": 2017-07-01T01:16:43.881Z,
                "firstName": "Aldous",
                "id": "oiw223h3qndlksadffl3ksdf",
                "lastName": "Huxley",
                "updated": 2017-07-01T01:16:43.881Z,
              },
              "created": 2018-01-14T01:36:26.220Z,
              "id": "sv3hmbefpc95MRXQsTHr",
              "title": "Brave New World",
              "updated": 2018-01-14T01:36:26.220Z,
            },
            "onClick": [Function],
            "showAuthor": false,
          },
          "ref": null,
          "rendered": null,
          "type": [Function],
        },
        Object {
          "instance": null,
          "key": "Hmh9eR3rs5bMvsTXfpcQ",
          "nodeType": "function",
          "props": Object {
            "book": Object {
              "author": Object {
                "bookCount": 1,
                "created": 2017-07-01T01:16:43.881Z,
                "firstName": "Aldous",
                "id": "oiw223h3qndlksadffl3ksdf",
                "lastName": "Huxley",
                "updated": 2017-07-01T01:16:43.881Z,
              },
              "created": 2018-01-15T01:36:26.220Z,
              "id": "Hmh9eR3rs5bMvsTXfpcQ",
              "title": "Island",
              "updated": 2018-01-15T01:36:26.220Z,
            },
            "onClick": [Function],
            "showAuthor": false,
          },
          "ref": null,
          "rendered": null,
          "type": [Function],
        },
        Object {
          "instance": null,
          "key": "eRpcQ5H3rsTXfmh9bMvs",
          "nodeType": "function",
          "props": Object {
            "book": Object {
              "author": Object {
                "bookCount": 1,
                "created": 2017-07-01T01:16:43.881Z,
                "firstName": "Aldous",
                "id": "oiw223h3qndlksadffl3ksdf",
                "lastName": "Huxley",
                "updated": 2017-07-01T01:16:43.881Z,
              },
              "created": 2018-01-16T01:36:26.220Z,
              "id": "eRpcQ5H3rsTXfmh9bMvs",
              "title": "The Doors of Perception",
              "updated": 2018-01-16T01:36:26.220Z,
            },
            "onClick": [Function],
            "showAuthor": false,
          },
          "ref": null,
          "rendered": null,
          "type": [Function],
        },
      ],
      "type": "div",
    },
  ],
  Symbol(enzyme.__options__): Object {
    "adapter": ReactSixteenAdapter {
      "options": Object {
        "enableComponentDidUpdateOnSetState": true,
      },
    },
  },
}
`;
