// Jest Snapshot v1, https://goo.gl/fbAQLP

exports[`Form matches the snapshot 1`] = `
ShallowWrapper {
  "length": 1,
  Symbol(enzyme.__root__): [Circular],
  Symbol(enzyme.__unrendered__): <Form
    cancelBtnText="Cancel"
    classes={Array []}
    disabled={false}
    onCancel={[Function]}
    onSubmit={[Function]}
    submitBtnText="Submit"
    submitDisabled={false}
    topLevelError=""
  />,
  Symbol(enzyme.__renderer__): Object {
    "batchedUpdates": [Function],
    "getNode": [Function],
    "render": [Function],
    "simulateEvent": [Function],
    "unmount": [Function],
  },
  Symbol(enzyme.__node__): Object {
    "instance": null,
    "key": undefined,
    "nodeType": "host",
    "props": Object {
      "children": Array [
        "",
        <form
          className=""
          noValidate={true}
          onSubmit={[Function]}
        >
          <ButtonRow>
            <Button
              canSubmit={true}
              disabled={false}
              onClick={[Function]}
              position="left"
              text="Submit"
              type="success"
            />
            <Button
              onClick={[Function]}
              position="right"
              text="Cancel"
              type="light"
            />
          </ButtonRow>
        </form>,
      ],
    },
    "ref": null,
    "rendered": Array [
      "",
      Object {
        "instance": null,
        "key": undefined,
        "nodeType": "host",
        "props": Object {
          "children": Array [
            Array [],
            <ButtonRow>
              <Button
                canSubmit={true}
                disabled={false}
                onClick={[Function]}
                position="left"
                text="Submit"
                type="success"
              />
              <Button
                onClick={[Function]}
                position="right"
                text="Cancel"
                type="light"
              />
            </ButtonRow>,
          ],
          "className": "",
          "noValidate": true,
          "onSubmit": [Function],
        },
        "ref": null,
        "rendered": Array [
          Object {
            "instance": null,
            "key": undefined,
            "nodeType": "function",
            "props": Object {
              "children": Array [
                <Button
                  canSubmit={true}
                  disabled={false}
                  onClick={[Function]}
                  position="left"
                  text="Submit"
                  type="success"
                />,
                <Button
                  onClick={[Function]}
                  position="right"
                  text="Cancel"
                  type="light"
                />,
              ],
            },
            "ref": null,
            "rendered": Array [
              Object {
                "instance": null,
                "key": undefined,
                "nodeType": "function",
                "props": Object {
                  "canSubmit": true,
                  "disabled": false,
                  "onClick": [Function],
                  "position": "left",
                  "text": "Submit",
                  "type": "success",
                },
                "ref": null,
                "rendered": null,
                "type": [Function],
              },
              Object {
                "instance": null,
                "key": undefined,
                "nodeType": "function",
                "props": Object {
                  "onClick": [Function],
                  "position": "right",
                  "text": "Cancel",
                  "type": "light",
                },
                "ref": null,
                "rendered": null,
                "type": [Function],
              },
            ],
            "type": [Function],
          },
        ],
        "type": "form",
      },
    ],
    "type": "div",
  },
  Symbol(enzyme.__nodes__): Array [
    Object {
      "instance": null,
      "key": undefined,
      "nodeType": "host",
      "props": Object {
        "children": Array [
          "",
          <form
            className=""
            noValidate={true}
            onSubmit={[Function]}
          >
            <ButtonRow>
              <Button
                canSubmit={true}
                disabled={false}
                onClick={[Function]}
                position="left"
                text="Submit"
                type="success"
              />
              <Button
                onClick={[Function]}
                position="right"
                text="Cancel"
                type="light"
              />
            </ButtonRow>
          </form>,
        ],
      },
      "ref": null,
      "rendered": Array [
        "",
        Object {
          "instance": null,
          "key": undefined,
          "nodeType": "host",
          "props": Object {
            "children": Array [
              Array [],
              <ButtonRow>
                <Button
                  canSubmit={true}
                  disabled={false}
                  onClick={[Function]}
                  position="left"
                  text="Submit"
                  type="success"
                />
                <Button
                  onClick={[Function]}
                  position="right"
                  text="Cancel"
                  type="light"
                />
              </ButtonRow>,
            ],
            "className": "",
            "noValidate": true,
            "onSubmit": [Function],
          },
          "ref": null,
          "rendered": Array [
            Object {
              "instance": null,
              "key": undefined,
              "nodeType": "function",
              "props": Object {
                "children": Array [
                  <Button
                    canSubmit={true}
                    disabled={false}
                    onClick={[Function]}
                    position="left"
                    text="Submit"
                    type="success"
                  />,
                  <Button
                    onClick={[Function]}
                    position="right"
                    text="Cancel"
                    type="light"
                  />,
                ],
              },
              "ref": null,
              "rendered": Array [
                Object {
                  "instance": null,
                  "key": undefined,
                  "nodeType": "function",
                  "props": Object {
                    "canSubmit": true,
                    "disabled": false,
                    "onClick": [Function],
                    "position": "left",
                    "text": "Submit",
                    "type": "success",
                  },
                  "ref": null,
                  "rendered": null,
                  "type": [Function],
                },
                Object {
                  "instance": null,
                  "key": undefined,
                  "nodeType": "function",
                  "props": Object {
                    "onClick": [Function],
                    "position": "right",
                    "text": "Cancel",
                    "type": "light",
                  },
                  "ref": null,
                  "rendered": null,
                  "type": [Function],
                },
              ],
              "type": [Function],
            },
          ],
          "type": "form",
        },
      ],
      "type": "div",
    },
  ],
  Symbol(enzyme.__options__): Object {
    "adapter": ReactSixteenAdapter {
      "options": Object {
        "enableComponentDidUpdateOnSetState": true,
      },
    },
  },
}
`;
