// Jest Snapshot v1, https://goo.gl/fbAQLP

exports[`AuthorLink matches the snapshot 1`] = `
ShallowWrapper {
  Symbol(enzyme.__root__): [Circular],
  Symbol(enzyme.__unrendered__): <AuthorLink
    author={
      Object {
        "bookCount": 1,
        "created": 2017-07-01T01:16:43.881Z,
        "firstName": "Aldous",
        "id": "oiw223h3qndlksadffl3ksdf",
        "lastName": "Huxley",
        "updated": 2017-07-01T01:16:43.881Z,
      }
    }
  />,
  Symbol(enzyme.__renderer__): Object {
    "batchedUpdates": [Function],
    "getNode": [Function],
    "render": [Function],
    "simulateError": [Function],
    "simulateEvent": [Function],
    "unmount": [Function],
  },
  Symbol(enzyme.__node__): Object {
    "instance": null,
    "key": undefined,
    "nodeType": "host",
    "props": Object {
      "children": Array [
        "by ",
        <Styled(Link)
          replace={false}
          to="/authors/oiw223h3qndlksadffl3ksdf"
        >
          Aldous
           
          Huxley
        </Styled(Link)>,
      ],
    },
    "ref": null,
    "rendered": Array [
      "by ",
      Object {
        "instance": null,
        "key": undefined,
        "nodeType": "class",
        "props": Object {
          "children": Array [
            "Aldous",
            " ",
            "Huxley",
          ],
          "replace": false,
          "to": "/authors/oiw223h3qndlksadffl3ksdf",
        },
        "ref": null,
        "rendered": Array [
          "Aldous",
          " ",
          "Huxley",
        ],
        "type": [Function],
      },
    ],
    "type": "p",
  },
  Symbol(enzyme.__nodes__): Array [
    Object {
      "instance": null,
      "key": undefined,
      "nodeType": "host",
      "props": Object {
        "children": Array [
          "by ",
          <Styled(Link)
            replace={false}
            to="/authors/oiw223h3qndlksadffl3ksdf"
          >
            Aldous
             
            Huxley
          </Styled(Link)>,
        ],
      },
      "ref": null,
      "rendered": Array [
        "by ",
        Object {
          "instance": null,
          "key": undefined,
          "nodeType": "class",
          "props": Object {
            "children": Array [
              "Aldous",
              " ",
              "Huxley",
            ],
            "replace": false,
            "to": "/authors/oiw223h3qndlksadffl3ksdf",
          },
          "ref": null,
          "rendered": Array [
            "Aldous",
            " ",
            "Huxley",
          ],
          "type": [Function],
        },
      ],
      "type": "p",
    },
  ],
  Symbol(enzyme.__options__): Object {
    "adapter": ReactSixteenAdapter {
      "options": Object {
        "enableComponentDidUpdateOnSetState": true,
        "lifecycles": Object {
          "componentDidUpdate": Object {
            "onSetState": true,
          },
          "getDerivedStateFromProps": true,
          "getSnapshotBeforeUpdate": true,
          "setState": Object {
            "skipsComponentDidUpdateOnNullish": true,
          },
        },
      },
    },
    "attachTo": undefined,
    "hydrateIn": undefined,
  },
}
`;
