// Jest Snapshot v1, https://goo.gl/fbAQLP

exports[`AuthorDetailCard matches the snapshot 1`] = `
ShallowWrapper {
  "length": 1,
  Symbol(enzyme.__root__): [Circular],
  Symbol(enzyme.__unrendered__): <AuthorDetailCard
    author={Object {}}
    onBackClick={[Function]}
    onDeleteClick={[Function]}
    onEditClick={[Function]}
  />,
  Symbol(enzyme.__renderer__): Object {
    "batchedUpdates": [Function],
    "getNode": [Function],
    "render": [Function],
    "simulateEvent": [Function],
    "unmount": [Function],
  },
  Symbol(enzyme.__node__): Object {
    "instance": null,
    "key": undefined,
    "nodeType": "function",
    "props": Object {
      "children": Array [
        <hr />,
        <p
          className="bookly-card-text"
        >
          <strong>
            Added:
          </strong>
           
          Jun. 30, 2017, 18:16:43
        </p>,
        <p
          className="bookly-card-text"
        >
          <strong>
            Updated:
          </strong>
           
          Jun. 30, 2017, 18:16:43
        </p>,
        <hr />,
        <ButtonRow>
          <Button
            onClick={[Function]}
            position="left"
            text="Edit"
            type="info"
          />
          <Button
            onClick={[Function]}
            text="Delete"
            type="danger"
          />
          <Button
            onClick={[Function]}
            position="right"
            text="Back"
            type="light"
          />
        </ButtonRow>,
      ],
      "classes": Array [
        "card--top-margin-med",
        "detail-card",
        "author-detail-card",
      ],
      "hoverable": false,
      "title": "Aldous Huxley",
    },
    "ref": null,
    "rendered": Array [
      Object {
        "instance": null,
        "key": undefined,
        "nodeType": "host",
        "props": Object {},
        "ref": null,
        "rendered": null,
        "type": "hr",
      },
      Object {
        "instance": null,
        "key": undefined,
        "nodeType": "host",
        "props": Object {
          "children": Array [
            <strong>
              Added:
            </strong>,
            " ",
            "Jun. 30, 2017, 18:16:43",
          ],
          "className": "bookly-card-text",
        },
        "ref": null,
        "rendered": Array [
          Object {
            "instance": null,
            "key": undefined,
            "nodeType": "host",
            "props": Object {
              "children": "Added:",
            },
            "ref": null,
            "rendered": "Added:",
            "type": "strong",
          },
          " ",
          "Jun. 30, 2017, 18:16:43",
        ],
        "type": "p",
      },
      Object {
        "instance": null,
        "key": undefined,
        "nodeType": "host",
        "props": Object {
          "children": Array [
            <strong>
              Updated:
            </strong>,
            " ",
            "Jun. 30, 2017, 18:16:43",
          ],
          "className": "bookly-card-text",
        },
        "ref": null,
        "rendered": Array [
          Object {
            "instance": null,
            "key": undefined,
            "nodeType": "host",
            "props": Object {
              "children": "Updated:",
            },
            "ref": null,
            "rendered": "Updated:",
            "type": "strong",
          },
          " ",
          "Jun. 30, 2017, 18:16:43",
        ],
        "type": "p",
      },
      Object {
        "instance": null,
        "key": undefined,
        "nodeType": "host",
        "props": Object {},
        "ref": null,
        "rendered": null,
        "type": "hr",
      },
      Object {
        "instance": null,
        "key": undefined,
        "nodeType": "function",
        "props": Object {
          "children": Array [
            <Button
              onClick={[Function]}
              position="left"
              text="Edit"
              type="info"
            />,
            <Button
              onClick={[Function]}
              text="Delete"
              type="danger"
            />,
            <Button
              onClick={[Function]}
              position="right"
              text="Back"
              type="light"
            />,
          ],
        },
        "ref": null,
        "rendered": Array [
          Object {
            "instance": null,
            "key": undefined,
            "nodeType": "function",
            "props": Object {
              "onClick": [Function],
              "position": "left",
              "text": "Edit",
              "type": "info",
            },
            "ref": null,
            "rendered": null,
            "type": [Function],
          },
          Object {
            "instance": null,
            "key": undefined,
            "nodeType": "function",
            "props": Object {
              "onClick": [Function],
              "text": "Delete",
              "type": "danger",
            },
            "ref": null,
            "rendered": null,
            "type": [Function],
          },
          Object {
            "instance": null,
            "key": undefined,
            "nodeType": "function",
            "props": Object {
              "onClick": [Function],
              "position": "right",
              "text": "Back",
              "type": "light",
            },
            "ref": null,
            "rendered": null,
            "type": [Function],
          },
        ],
        "type": [Function],
      },
    ],
    "type": [Function],
  },
  Symbol(enzyme.__nodes__): Array [
    Object {
      "instance": null,
      "key": undefined,
      "nodeType": "function",
      "props": Object {
        "children": Array [
          <hr />,
          <p
            className="bookly-card-text"
          >
            <strong>
              Added:
            </strong>
             
            Jun. 30, 2017, 18:16:43
          </p>,
          <p
            className="bookly-card-text"
          >
            <strong>
              Updated:
            </strong>
             
            Jun. 30, 2017, 18:16:43
          </p>,
          <hr />,
          <ButtonRow>
            <Button
              onClick={[Function]}
              position="left"
              text="Edit"
              type="info"
            />
            <Button
              onClick={[Function]}
              text="Delete"
              type="danger"
            />
            <Button
              onClick={[Function]}
              position="right"
              text="Back"
              type="light"
            />
          </ButtonRow>,
        ],
        "classes": Array [
          "card--top-margin-med",
          "detail-card",
          "author-detail-card",
        ],
        "hoverable": false,
        "title": "Aldous Huxley",
      },
      "ref": null,
      "rendered": Array [
        Object {
          "instance": null,
          "key": undefined,
          "nodeType": "host",
          "props": Object {},
          "ref": null,
          "rendered": null,
          "type": "hr",
        },
        Object {
          "instance": null,
          "key": undefined,
          "nodeType": "host",
          "props": Object {
            "children": Array [
              <strong>
                Added:
              </strong>,
              " ",
              "Jun. 30, 2017, 18:16:43",
            ],
            "className": "bookly-card-text",
          },
          "ref": null,
          "rendered": Array [
            Object {
              "instance": null,
              "key": undefined,
              "nodeType": "host",
              "props": Object {
                "children": "Added:",
              },
              "ref": null,
              "rendered": "Added:",
              "type": "strong",
            },
            " ",
            "Jun. 30, 2017, 18:16:43",
          ],
          "type": "p",
        },
        Object {
          "instance": null,
          "key": undefined,
          "nodeType": "host",
          "props": Object {
            "children": Array [
              <strong>
                Updated:
              </strong>,
              " ",
              "Jun. 30, 2017, 18:16:43",
            ],
            "className": "bookly-card-text",
          },
          "ref": null,
          "rendered": Array [
            Object {
              "instance": null,
              "key": undefined,
              "nodeType": "host",
              "props": Object {
                "children": "Updated:",
              },
              "ref": null,
              "rendered": "Updated:",
              "type": "strong",
            },
            " ",
            "Jun. 30, 2017, 18:16:43",
          ],
          "type": "p",
        },
        Object {
          "instance": null,
          "key": undefined,
          "nodeType": "host",
          "props": Object {},
          "ref": null,
          "rendered": null,
          "type": "hr",
        },
        Object {
          "instance": null,
          "key": undefined,
          "nodeType": "function",
          "props": Object {
            "children": Array [
              <Button
                onClick={[Function]}
                position="left"
                text="Edit"
                type="info"
              />,
              <Button
                onClick={[Function]}
                text="Delete"
                type="danger"
              />,
              <Button
                onClick={[Function]}
                position="right"
                text="Back"
                type="light"
              />,
            ],
          },
          "ref": null,
          "rendered": Array [
            Object {
              "instance": null,
              "key": undefined,
              "nodeType": "function",
              "props": Object {
                "onClick": [Function],
                "position": "left",
                "text": "Edit",
                "type": "info",
              },
              "ref": null,
              "rendered": null,
              "type": [Function],
            },
            Object {
              "instance": null,
              "key": undefined,
              "nodeType": "function",
              "props": Object {
                "onClick": [Function],
                "text": "Delete",
                "type": "danger",
              },
              "ref": null,
              "rendered": null,
              "type": [Function],
            },
            Object {
              "instance": null,
              "key": undefined,
              "nodeType": "function",
              "props": Object {
                "onClick": [Function],
                "position": "right",
                "text": "Back",
                "type": "light",
              },
              "ref": null,
              "rendered": null,
              "type": [Function],
            },
          ],
          "type": [Function],
        },
      ],
      "type": [Function],
    },
  ],
  Symbol(enzyme.__options__): Object {
    "adapter": ReactSixteenAdapter {
      "options": Object {
        "enableComponentDidUpdateOnSetState": true,
      },
    },
  },
}
`;
