// Jest Snapshot v1, https://goo.gl/fbAQLP

exports[`AccountForm the basics matches the snapshot 1`] = `
ShallowWrapper {
  "length": 1,
  Symbol(enzyme.__root__): [Circular],
  Symbol(enzyme.__unrendered__): <AccountForm
    disabled={false}
    errors={
      Object {
        "firstName": "",
        "lastName": "",
      }
    }
    onCancel={[Function]}
    onInputChange={[Function]}
    onSubmit={[Function]}
    profile={
      Object {
        "created": 2017-07-01T01:16:43.881Z,
        "firstName": "Larry",
        "lastName": "Finklestein",
        "owner": "oiw223h3qndlksadffl3ksdf",
        "updated": 2017-07-01T01:16:43.881Z,
      }
    }
    submitDisabled={false}
    topLevelError=""
  />,
  Symbol(enzyme.__renderer__): Object {
    "batchedUpdates": [Function],
    "getNode": [Function],
    "render": [Function],
    "simulateEvent": [Function],
    "unmount": [Function],
  },
  Symbol(enzyme.__node__): Object {
    "instance": null,
    "key": undefined,
    "nodeType": "function",
    "props": Object {
      "children": Array [
        <InputField
          boundValue="Larry"
          disabled={false}
          error=""
          label="First name"
          maxLength={255}
          name="firstName"
          onInputChange={[Function]}
        />,
        <InputField
          boundValue="Finklestein"
          disabled={false}
          error=""
          label="Last name"
          maxLength={255}
          name="lastName"
          onInputChange={[Function]}
        />,
      ],
      "disabled": false,
      "onCancel": [Function],
      "onSubmit": [Function],
      "submitDisabled": false,
      "topLevelError": "",
    },
    "ref": null,
    "rendered": Array [
      Object {
        "instance": null,
        "key": undefined,
        "nodeType": "function",
        "props": Object {
          "boundValue": "Larry",
          "disabled": false,
          "error": "",
          "label": "First name",
          "maxLength": 255,
          "name": "firstName",
          "onInputChange": [Function],
        },
        "ref": null,
        "rendered": null,
        "type": [Function],
      },
      Object {
        "instance": null,
        "key": undefined,
        "nodeType": "function",
        "props": Object {
          "boundValue": "Finklestein",
          "disabled": false,
          "error": "",
          "label": "Last name",
          "maxLength": 255,
          "name": "lastName",
          "onInputChange": [Function],
        },
        "ref": null,
        "rendered": null,
        "type": [Function],
      },
    ],
    "type": [Function],
  },
  Symbol(enzyme.__nodes__): Array [
    Object {
      "instance": null,
      "key": undefined,
      "nodeType": "function",
      "props": Object {
        "children": Array [
          <InputField
            boundValue="Larry"
            disabled={false}
            error=""
            label="First name"
            maxLength={255}
            name="firstName"
            onInputChange={[Function]}
          />,
          <InputField
            boundValue="Finklestein"
            disabled={false}
            error=""
            label="Last name"
            maxLength={255}
            name="lastName"
            onInputChange={[Function]}
          />,
        ],
        "disabled": false,
        "onCancel": [Function],
        "onSubmit": [Function],
        "submitDisabled": false,
        "topLevelError": "",
      },
      "ref": null,
      "rendered": Array [
        Object {
          "instance": null,
          "key": undefined,
          "nodeType": "function",
          "props": Object {
            "boundValue": "Larry",
            "disabled": false,
            "error": "",
            "label": "First name",
            "maxLength": 255,
            "name": "firstName",
            "onInputChange": [Function],
          },
          "ref": null,
          "rendered": null,
          "type": [Function],
        },
        Object {
          "instance": null,
          "key": undefined,
          "nodeType": "function",
          "props": Object {
            "boundValue": "Finklestein",
            "disabled": false,
            "error": "",
            "label": "Last name",
            "maxLength": 255,
            "name": "lastName",
            "onInputChange": [Function],
          },
          "ref": null,
          "rendered": null,
          "type": [Function],
        },
      ],
      "type": [Function],
    },
  ],
  Symbol(enzyme.__options__): Object {
    "adapter": ReactSixteenAdapter {
      "options": Object {
        "enableComponentDidUpdateOnSetState": true,
      },
    },
  },
}
`;
