// Jest Snapshot v1, https://goo.gl/fbAQLP

exports[`AuthorEditView matches the snapshot 1`] = `
ShallowWrapper {
  "length": 1,
  Symbol(enzyme.__root__): [Circular],
  Symbol(enzyme.__unrendered__): <AuthorEditView
    author={
      Object {
        "bookCount": 1,
        "created": 2017-07-01T01:16:43.881Z,
        "firstName": "Aldous",
        "id": "oiw223h3qndlksadffl3ksdf",
        "lastName": "Huxley",
        "updated": 2017-07-01T01:16:43.881Z,
      }
    }
    errors={
      Object {
        "firstName": "",
        "lastName": "",
      }
    }
    onCancel={[Function]}
    onInputChange={[Function]}
    onSubmit={[Function]}
    submitDisabled={false}
    topLevelError=""
  />,
  Symbol(enzyme.__renderer__): Object {
    "batchedUpdates": [Function],
    "getNode": [Function],
    "render": [Function],
    "simulateEvent": [Function],
    "unmount": [Function],
  },
  Symbol(enzyme.__node__): Object {
    "instance": null,
    "key": undefined,
    "nodeType": "host",
    "props": Object {
      "children": <Card
        header="Update Author"
        hoverable={false}
      >
        <AuthorForm
          author={
            Object {
              "bookCount": 1,
              "created": 2017-07-01T01:16:43.881Z,
              "firstName": "Aldous",
              "id": "oiw223h3qndlksadffl3ksdf",
              "lastName": "Huxley",
              "updated": 2017-07-01T01:16:43.881Z,
            }
          }
          disabled={undefined}
          errors={
            Object {
              "firstName": "",
              "lastName": "",
            }
          }
          onCancel={[Function]}
          onInputChange={[Function]}
          onSubmit={[Function]}
          submitDisabled={false}
          topLevelError=""
        />
      </Card>,
      "className": "bookly-edit-view bookly-author-edit-view",
    },
    "ref": null,
    "rendered": Object {
      "instance": null,
      "key": undefined,
      "nodeType": "function",
      "props": Object {
        "children": <AuthorForm
          author={
            Object {
              "bookCount": 1,
              "created": 2017-07-01T01:16:43.881Z,
              "firstName": "Aldous",
              "id": "oiw223h3qndlksadffl3ksdf",
              "lastName": "Huxley",
              "updated": 2017-07-01T01:16:43.881Z,
            }
          }
          disabled={undefined}
          errors={
            Object {
              "firstName": "",
              "lastName": "",
            }
          }
          onCancel={[Function]}
          onInputChange={[Function]}
          onSubmit={[Function]}
          submitDisabled={false}
          topLevelError=""
        />,
        "header": "Update Author",
        "hoverable": false,
      },
      "ref": null,
      "rendered": Object {
        "instance": null,
        "key": undefined,
        "nodeType": "function",
        "props": Object {
          "author": Object {
            "bookCount": 1,
            "created": 2017-07-01T01:16:43.881Z,
            "firstName": "Aldous",
            "id": "oiw223h3qndlksadffl3ksdf",
            "lastName": "Huxley",
            "updated": 2017-07-01T01:16:43.881Z,
          },
          "disabled": undefined,
          "errors": Object {
            "firstName": "",
            "lastName": "",
          },
          "onCancel": [Function],
          "onInputChange": [Function],
          "onSubmit": [Function],
          "submitDisabled": false,
          "topLevelError": "",
        },
        "ref": null,
        "rendered": null,
        "type": [Function],
      },
      "type": [Function],
    },
    "type": "div",
  },
  Symbol(enzyme.__nodes__): Array [
    Object {
      "instance": null,
      "key": undefined,
      "nodeType": "host",
      "props": Object {
        "children": <Card
          header="Update Author"
          hoverable={false}
        >
          <AuthorForm
            author={
              Object {
                "bookCount": 1,
                "created": 2017-07-01T01:16:43.881Z,
                "firstName": "Aldous",
                "id": "oiw223h3qndlksadffl3ksdf",
                "lastName": "Huxley",
                "updated": 2017-07-01T01:16:43.881Z,
              }
            }
            disabled={undefined}
            errors={
              Object {
                "firstName": "",
                "lastName": "",
              }
            }
            onCancel={[Function]}
            onInputChange={[Function]}
            onSubmit={[Function]}
            submitDisabled={false}
            topLevelError=""
          />
        </Card>,
        "className": "bookly-edit-view bookly-author-edit-view",
      },
      "ref": null,
      "rendered": Object {
        "instance": null,
        "key": undefined,
        "nodeType": "function",
        "props": Object {
          "children": <AuthorForm
            author={
              Object {
                "bookCount": 1,
                "created": 2017-07-01T01:16:43.881Z,
                "firstName": "Aldous",
                "id": "oiw223h3qndlksadffl3ksdf",
                "lastName": "Huxley",
                "updated": 2017-07-01T01:16:43.881Z,
              }
            }
            disabled={undefined}
            errors={
              Object {
                "firstName": "",
                "lastName": "",
              }
            }
            onCancel={[Function]}
            onInputChange={[Function]}
            onSubmit={[Function]}
            submitDisabled={false}
            topLevelError=""
          />,
          "header": "Update Author",
          "hoverable": false,
        },
        "ref": null,
        "rendered": Object {
          "instance": null,
          "key": undefined,
          "nodeType": "function",
          "props": Object {
            "author": Object {
              "bookCount": 1,
              "created": 2017-07-01T01:16:43.881Z,
              "firstName": "Aldous",
              "id": "oiw223h3qndlksadffl3ksdf",
              "lastName": "Huxley",
              "updated": 2017-07-01T01:16:43.881Z,
            },
            "disabled": undefined,
            "errors": Object {
              "firstName": "",
              "lastName": "",
            },
            "onCancel": [Function],
            "onInputChange": [Function],
            "onSubmit": [Function],
            "submitDisabled": false,
            "topLevelError": "",
          },
          "ref": null,
          "rendered": null,
          "type": [Function],
        },
        "type": [Function],
      },
      "type": "div",
    },
  ],
  Symbol(enzyme.__options__): Object {
    "adapter": ReactSixteenAdapter {
      "options": Object {
        "enableComponentDidUpdateOnSetState": true,
      },
    },
  },
}
`;
