// Jest Snapshot v1, https://goo.gl/fbAQLP

exports[`AuthorDetailView matches the snapshot 1`] = `
ShallowWrapper {
  "length": 1,
  Symbol(enzyme.__root__): [Circular],
  Symbol(enzyme.__unrendered__): <AuthorDetailView
    author={Object {}}
    booksForAuthor={
      Array [
        Object {
          "author": Object {
            "bookCount": 1,
            "created": 2017-07-01T01:16:43.881Z,
            "firstName": "Aldous",
            "id": "oiw223h3qndlksadffl3ksdf",
            "lastName": "Huxley",
            "updated": 2017-07-01T01:16:43.881Z,
          },
          "created": 2018-01-14T01:36:26.220Z,
          "id": "sv3hmbefpc95MRXQsTHr",
          "title": "Brave New World",
          "updated": 2018-01-14T01:36:26.220Z,
        },
        Object {
          "author": Object {
            "bookCount": 1,
            "created": 2017-07-01T01:16:43.881Z,
            "firstName": "Aldous",
            "id": "oiw223h3qndlksadffl3ksdf",
            "lastName": "Huxley",
            "updated": 2017-07-01T01:16:43.881Z,
          },
          "created": 2018-01-15T01:36:26.220Z,
          "id": "Hmh9eR3rs5bMvsTXfpcQ",
          "title": "Island",
          "updated": 2018-01-15T01:36:26.220Z,
        },
        Object {
          "author": Object {
            "bookCount": 1,
            "created": 2017-07-01T01:16:43.881Z,
            "firstName": "Aldous",
            "id": "oiw223h3qndlksadffl3ksdf",
            "lastName": "Huxley",
            "updated": 2017-07-01T01:16:43.881Z,
          },
          "created": 2018-01-16T01:36:26.220Z,
          "id": "eRpcQ5H3rsTXfmh9bMvs",
          "title": "The Doors of Perception",
          "updated": 2018-01-16T01:36:26.220Z,
        },
        Object {
          "author": Object {
            "bookCount": 1,
            "created": 2017-07-06T22:02:11.504Z,
            "firstName": "Kurt",
            "id": "9328fhs938hfdsdblkhf98",
            "lastName": "Vonnegut",
            "updated": 2017-07-06T22:02:11.504Z,
          },
          "created": 2017-11-01T01:36:26.220Z,
          "id": "e2TedzRQJKJ1VL5m7QhG",
          "title": "Mother Night",
          "updated": 2017-11-01T01:36:26.220Z,
        },
        Object {
          "author": Object {
            "bookCount": 1,
            "created": 2017-07-06T22:02:11.504Z,
            "firstName": "Kurt",
            "id": "9328fhs938hfdsdblkhf98",
            "lastName": "Vonnegut",
            "updated": 2017-07-06T22:02:11.504Z,
          },
          "created": 2017-11-01T01:39:26.220Z,
          "id": "8ZYttrQY042IhlZ11BVJ",
          "title": "Breakfast of Champions",
          "updated": 2017-11-01T01:39:26.220Z,
        },
      ]
    }
    onBackClick={[Function]}
    onBookAddClick={[Function]}
    onBookClick={[Function]}
    onDeleteClick={[Function]}
    onEditClick={[Function]}
    topLevelError=""
  />,
  Symbol(enzyme.__renderer__): Object {
    "batchedUpdates": [Function],
    "getNode": [Function],
    "render": [Function],
    "simulateEvent": [Function],
    "unmount": [Function],
  },
  Symbol(enzyme.__node__): Object {
    "instance": null,
    "key": undefined,
    "nodeType": "host",
    "props": Object {
      "children": Array [
        "",
        <AuthorDetailCard
          author={Object {}}
          onBackClick={[Function]}
          onDeleteClick={[Function]}
          onEditClick={[Function]}
        />,
        <hr />,
        <AuthorBooksList
          author={Object {}}
          books={
            Array [
              Object {
                "author": Object {
                  "bookCount": 1,
                  "created": 2017-07-01T01:16:43.881Z,
                  "firstName": "Aldous",
                  "id": "oiw223h3qndlksadffl3ksdf",
                  "lastName": "Huxley",
                  "updated": 2017-07-01T01:16:43.881Z,
                },
                "created": 2018-01-14T01:36:26.220Z,
                "id": "sv3hmbefpc95MRXQsTHr",
                "title": "Brave New World",
                "updated": 2018-01-14T01:36:26.220Z,
              },
              Object {
                "author": Object {
                  "bookCount": 1,
                  "created": 2017-07-01T01:16:43.881Z,
                  "firstName": "Aldous",
                  "id": "oiw223h3qndlksadffl3ksdf",
                  "lastName": "Huxley",
                  "updated": 2017-07-01T01:16:43.881Z,
                },
                "created": 2018-01-15T01:36:26.220Z,
                "id": "Hmh9eR3rs5bMvsTXfpcQ",
                "title": "Island",
                "updated": 2018-01-15T01:36:26.220Z,
              },
              Object {
                "author": Object {
                  "bookCount": 1,
                  "created": 2017-07-01T01:16:43.881Z,
                  "firstName": "Aldous",
                  "id": "oiw223h3qndlksadffl3ksdf",
                  "lastName": "Huxley",
                  "updated": 2017-07-01T01:16:43.881Z,
                },
                "created": 2018-01-16T01:36:26.220Z,
                "id": "eRpcQ5H3rsTXfmh9bMvs",
                "title": "The Doors of Perception",
                "updated": 2018-01-16T01:36:26.220Z,
              },
              Object {
                "author": Object {
                  "bookCount": 1,
                  "created": 2017-07-06T22:02:11.504Z,
                  "firstName": "Kurt",
                  "id": "9328fhs938hfdsdblkhf98",
                  "lastName": "Vonnegut",
                  "updated": 2017-07-06T22:02:11.504Z,
                },
                "created": 2017-11-01T01:36:26.220Z,
                "id": "e2TedzRQJKJ1VL5m7QhG",
                "title": "Mother Night",
                "updated": 2017-11-01T01:36:26.220Z,
              },
              Object {
                "author": Object {
                  "bookCount": 1,
                  "created": 2017-07-06T22:02:11.504Z,
                  "firstName": "Kurt",
                  "id": "9328fhs938hfdsdblkhf98",
                  "lastName": "Vonnegut",
                  "updated": 2017-07-06T22:02:11.504Z,
                },
                "created": 2017-11-01T01:39:26.220Z,
                "id": "8ZYttrQY042IhlZ11BVJ",
                "title": "Breakfast of Champions",
                "updated": 2017-11-01T01:39:26.220Z,
              },
            ]
          }
          onBookAddClick={[Function]}
          onBookClick={[Function]}
        />,
      ],
      "className": "bookly-detail-view bookly-author-detail-view",
    },
    "ref": null,
    "rendered": Array [
      "",
      Object {
        "instance": null,
        "key": undefined,
        "nodeType": "function",
        "props": Object {
          "author": Object {},
          "onBackClick": [Function],
          "onDeleteClick": [Function],
          "onEditClick": [Function],
        },
        "ref": null,
        "rendered": null,
        "type": [Function],
      },
      Object {
        "instance": null,
        "key": undefined,
        "nodeType": "host",
        "props": Object {},
        "ref": null,
        "rendered": null,
        "type": "hr",
      },
      Object {
        "instance": null,
        "key": undefined,
        "nodeType": "function",
        "props": Object {
          "author": Object {},
          "books": Array [
            Object {
              "author": Object {
                "bookCount": 1,
                "created": 2017-07-01T01:16:43.881Z,
                "firstName": "Aldous",
                "id": "oiw223h3qndlksadffl3ksdf",
                "lastName": "Huxley",
                "updated": 2017-07-01T01:16:43.881Z,
              },
              "created": 2018-01-14T01:36:26.220Z,
              "id": "sv3hmbefpc95MRXQsTHr",
              "title": "Brave New World",
              "updated": 2018-01-14T01:36:26.220Z,
            },
            Object {
              "author": Object {
                "bookCount": 1,
                "created": 2017-07-01T01:16:43.881Z,
                "firstName": "Aldous",
                "id": "oiw223h3qndlksadffl3ksdf",
                "lastName": "Huxley",
                "updated": 2017-07-01T01:16:43.881Z,
              },
              "created": 2018-01-15T01:36:26.220Z,
              "id": "Hmh9eR3rs5bMvsTXfpcQ",
              "title": "Island",
              "updated": 2018-01-15T01:36:26.220Z,
            },
            Object {
              "author": Object {
                "bookCount": 1,
                "created": 2017-07-01T01:16:43.881Z,
                "firstName": "Aldous",
                "id": "oiw223h3qndlksadffl3ksdf",
                "lastName": "Huxley",
                "updated": 2017-07-01T01:16:43.881Z,
              },
              "created": 2018-01-16T01:36:26.220Z,
              "id": "eRpcQ5H3rsTXfmh9bMvs",
              "title": "The Doors of Perception",
              "updated": 2018-01-16T01:36:26.220Z,
            },
            Object {
              "author": Object {
                "bookCount": 1,
                "created": 2017-07-06T22:02:11.504Z,
                "firstName": "Kurt",
                "id": "9328fhs938hfdsdblkhf98",
                "lastName": "Vonnegut",
                "updated": 2017-07-06T22:02:11.504Z,
              },
              "created": 2017-11-01T01:36:26.220Z,
              "id": "e2TedzRQJKJ1VL5m7QhG",
              "title": "Mother Night",
              "updated": 2017-11-01T01:36:26.220Z,
            },
            Object {
              "author": Object {
                "bookCount": 1,
                "created": 2017-07-06T22:02:11.504Z,
                "firstName": "Kurt",
                "id": "9328fhs938hfdsdblkhf98",
                "lastName": "Vonnegut",
                "updated": 2017-07-06T22:02:11.504Z,
              },
              "created": 2017-11-01T01:39:26.220Z,
              "id": "8ZYttrQY042IhlZ11BVJ",
              "title": "Breakfast of Champions",
              "updated": 2017-11-01T01:39:26.220Z,
            },
          ],
          "onBookAddClick": [Function],
          "onBookClick": [Function],
        },
        "ref": null,
        "rendered": null,
        "type": [Function],
      },
    ],
    "type": "div",
  },
  Symbol(enzyme.__nodes__): Array [
    Object {
      "instance": null,
      "key": undefined,
      "nodeType": "host",
      "props": Object {
        "children": Array [
          "",
          <AuthorDetailCard
            author={Object {}}
            onBackClick={[Function]}
            onDeleteClick={[Function]}
            onEditClick={[Function]}
          />,
          <hr />,
          <AuthorBooksList
            author={Object {}}
            books={
              Array [
                Object {
                  "author": Object {
                    "bookCount": 1,
                    "created": 2017-07-01T01:16:43.881Z,
                    "firstName": "Aldous",
                    "id": "oiw223h3qndlksadffl3ksdf",
                    "lastName": "Huxley",
                    "updated": 2017-07-01T01:16:43.881Z,
                  },
                  "created": 2018-01-14T01:36:26.220Z,
                  "id": "sv3hmbefpc95MRXQsTHr",
                  "title": "Brave New World",
                  "updated": 2018-01-14T01:36:26.220Z,
                },
                Object {
                  "author": Object {
                    "bookCount": 1,
                    "created": 2017-07-01T01:16:43.881Z,
                    "firstName": "Aldous",
                    "id": "oiw223h3qndlksadffl3ksdf",
                    "lastName": "Huxley",
                    "updated": 2017-07-01T01:16:43.881Z,
                  },
                  "created": 2018-01-15T01:36:26.220Z,
                  "id": "Hmh9eR3rs5bMvsTXfpcQ",
                  "title": "Island",
                  "updated": 2018-01-15T01:36:26.220Z,
                },
                Object {
                  "author": Object {
                    "bookCount": 1,
                    "created": 2017-07-01T01:16:43.881Z,
                    "firstName": "Aldous",
                    "id": "oiw223h3qndlksadffl3ksdf",
                    "lastName": "Huxley",
                    "updated": 2017-07-01T01:16:43.881Z,
                  },
                  "created": 2018-01-16T01:36:26.220Z,
                  "id": "eRpcQ5H3rsTXfmh9bMvs",
                  "title": "The Doors of Perception",
                  "updated": 2018-01-16T01:36:26.220Z,
                },
                Object {
                  "author": Object {
                    "bookCount": 1,
                    "created": 2017-07-06T22:02:11.504Z,
                    "firstName": "Kurt",
                    "id": "9328fhs938hfdsdblkhf98",
                    "lastName": "Vonnegut",
                    "updated": 2017-07-06T22:02:11.504Z,
                  },
                  "created": 2017-11-01T01:36:26.220Z,
                  "id": "e2TedzRQJKJ1VL5m7QhG",
                  "title": "Mother Night",
                  "updated": 2017-11-01T01:36:26.220Z,
                },
                Object {
                  "author": Object {
                    "bookCount": 1,
                    "created": 2017-07-06T22:02:11.504Z,
                    "firstName": "Kurt",
                    "id": "9328fhs938hfdsdblkhf98",
                    "lastName": "Vonnegut",
                    "updated": 2017-07-06T22:02:11.504Z,
                  },
                  "created": 2017-11-01T01:39:26.220Z,
                  "id": "8ZYttrQY042IhlZ11BVJ",
                  "title": "Breakfast of Champions",
                  "updated": 2017-11-01T01:39:26.220Z,
                },
              ]
            }
            onBookAddClick={[Function]}
            onBookClick={[Function]}
          />,
        ],
        "className": "bookly-detail-view bookly-author-detail-view",
      },
      "ref": null,
      "rendered": Array [
        "",
        Object {
          "instance": null,
          "key": undefined,
          "nodeType": "function",
          "props": Object {
            "author": Object {},
            "onBackClick": [Function],
            "onDeleteClick": [Function],
            "onEditClick": [Function],
          },
          "ref": null,
          "rendered": null,
          "type": [Function],
        },
        Object {
          "instance": null,
          "key": undefined,
          "nodeType": "host",
          "props": Object {},
          "ref": null,
          "rendered": null,
          "type": "hr",
        },
        Object {
          "instance": null,
          "key": undefined,
          "nodeType": "function",
          "props": Object {
            "author": Object {},
            "books": Array [
              Object {
                "author": Object {
                  "bookCount": 1,
                  "created": 2017-07-01T01:16:43.881Z,
                  "firstName": "Aldous",
                  "id": "oiw223h3qndlksadffl3ksdf",
                  "lastName": "Huxley",
                  "updated": 2017-07-01T01:16:43.881Z,
                },
                "created": 2018-01-14T01:36:26.220Z,
                "id": "sv3hmbefpc95MRXQsTHr",
                "title": "Brave New World",
                "updated": 2018-01-14T01:36:26.220Z,
              },
              Object {
                "author": Object {
                  "bookCount": 1,
                  "created": 2017-07-01T01:16:43.881Z,
                  "firstName": "Aldous",
                  "id": "oiw223h3qndlksadffl3ksdf",
                  "lastName": "Huxley",
                  "updated": 2017-07-01T01:16:43.881Z,
                },
                "created": 2018-01-15T01:36:26.220Z,
                "id": "Hmh9eR3rs5bMvsTXfpcQ",
                "title": "Island",
                "updated": 2018-01-15T01:36:26.220Z,
              },
              Object {
                "author": Object {
                  "bookCount": 1,
                  "created": 2017-07-01T01:16:43.881Z,
                  "firstName": "Aldous",
                  "id": "oiw223h3qndlksadffl3ksdf",
                  "lastName": "Huxley",
                  "updated": 2017-07-01T01:16:43.881Z,
                },
                "created": 2018-01-16T01:36:26.220Z,
                "id": "eRpcQ5H3rsTXfmh9bMvs",
                "title": "The Doors of Perception",
                "updated": 2018-01-16T01:36:26.220Z,
              },
              Object {
                "author": Object {
                  "bookCount": 1,
                  "created": 2017-07-06T22:02:11.504Z,
                  "firstName": "Kurt",
                  "id": "9328fhs938hfdsdblkhf98",
                  "lastName": "Vonnegut",
                  "updated": 2017-07-06T22:02:11.504Z,
                },
                "created": 2017-11-01T01:36:26.220Z,
                "id": "e2TedzRQJKJ1VL5m7QhG",
                "title": "Mother Night",
                "updated": 2017-11-01T01:36:26.220Z,
              },
              Object {
                "author": Object {
                  "bookCount": 1,
                  "created": 2017-07-06T22:02:11.504Z,
                  "firstName": "Kurt",
                  "id": "9328fhs938hfdsdblkhf98",
                  "lastName": "Vonnegut",
                  "updated": 2017-07-06T22:02:11.504Z,
                },
                "created": 2017-11-01T01:39:26.220Z,
                "id": "8ZYttrQY042IhlZ11BVJ",
                "title": "Breakfast of Champions",
                "updated": 2017-11-01T01:39:26.220Z,
              },
            ],
            "onBookAddClick": [Function],
            "onBookClick": [Function],
          },
          "ref": null,
          "rendered": null,
          "type": [Function],
        },
      ],
      "type": "div",
    },
  ],
  Symbol(enzyme.__options__): Object {
    "adapter": ReactSixteenAdapter {
      "options": Object {
        "enableComponentDidUpdateOnSetState": true,
      },
    },
  },
}
`;
