// Jest Snapshot v1, https://goo.gl/fbAQLP

exports[`Card matches the snapshot 1`] = `
ShallowWrapper {
  "length": 1,
  Symbol(enzyme.__root__): [Circular],
  Symbol(enzyme.__unrendered__): <Card
    classes={Array []}
    header="Great Header"
    hoverable={true}
    onClick={[Function]}
    text="this is the text"
    title="Awesome Title"
  />,
  Symbol(enzyme.__renderer__): Object {
    "batchedUpdates": [Function],
    "getNode": [Function],
    "render": [Function],
    "simulateEvent": [Function],
    "unmount": [Function],
  },
  Symbol(enzyme.__node__): Object {
    "instance": null,
    "key": undefined,
    "nodeType": "host",
    "props": Object {
      "children": Array [
        <p
          className={undefined}
        >
          Great Header
        </p>,
        <p
          className={undefined}
        >
          Awesome Title
        </p>,
        <p
          className={undefined}
        >
          this is the text
        </p>,
        null,
      ],
      "className": " ",
      "onClick": [Function],
    },
    "ref": null,
    "rendered": Array [
      Object {
        "instance": null,
        "key": undefined,
        "nodeType": "host",
        "props": Object {
          "children": "Great Header",
          "className": undefined,
        },
        "ref": null,
        "rendered": "Great Header",
        "type": "p",
      },
      Object {
        "instance": null,
        "key": undefined,
        "nodeType": "host",
        "props": Object {
          "children": "Awesome Title",
          "className": undefined,
        },
        "ref": null,
        "rendered": "Awesome Title",
        "type": "p",
      },
      Object {
        "instance": null,
        "key": undefined,
        "nodeType": "host",
        "props": Object {
          "children": "this is the text",
          "className": undefined,
        },
        "ref": null,
        "rendered": "this is the text",
        "type": "p",
      },
      null,
    ],
    "type": "div",
  },
  Symbol(enzyme.__nodes__): Array [
    Object {
      "instance": null,
      "key": undefined,
      "nodeType": "host",
      "props": Object {
        "children": Array [
          <p
            className={undefined}
          >
            Great Header
          </p>,
          <p
            className={undefined}
          >
            Awesome Title
          </p>,
          <p
            className={undefined}
          >
            this is the text
          </p>,
          null,
        ],
        "className": " ",
        "onClick": [Function],
      },
      "ref": null,
      "rendered": Array [
        Object {
          "instance": null,
          "key": undefined,
          "nodeType": "host",
          "props": Object {
            "children": "Great Header",
            "className": undefined,
          },
          "ref": null,
          "rendered": "Great Header",
          "type": "p",
        },
        Object {
          "instance": null,
          "key": undefined,
          "nodeType": "host",
          "props": Object {
            "children": "Awesome Title",
            "className": undefined,
          },
          "ref": null,
          "rendered": "Awesome Title",
          "type": "p",
        },
        Object {
          "instance": null,
          "key": undefined,
          "nodeType": "host",
          "props": Object {
            "children": "this is the text",
            "className": undefined,
          },
          "ref": null,
          "rendered": "this is the text",
          "type": "p",
        },
        null,
      ],
      "type": "div",
    },
  ],
  Symbol(enzyme.__options__): Object {
    "adapter": ReactSixteenAdapter {
      "options": Object {
        "enableComponentDidUpdateOnSetState": true,
      },
    },
  },
}
`;
