// Jest Snapshot v1, https://goo.gl/fbAQLP

exports[`BookForm with "book" populated renders correctly 1`] = `
ShallowWrapper {
  Symbol(enzyme.__root__): [Circular],
  Symbol(enzyme.__unrendered__): <BookForm
    authors={Array []}
    book={
      Object {
        "author": Object {
          "firstName": "",
          "id": "98hfjsdbf9s8fhdf",
          "lastName": "",
        },
        "sortBy": "",
        "title": "",
      }
    }
    disabled={false}
    errors={
      Object {
        "author": "",
        "sortBy": "",
        "title": "",
      }
    }
    onAuthorChange={[Function]}
    onCancel={[Function]}
    onInputChange={[Function]}
    onSubmit={[Function]}
    topLevelError=""
  />,
  Symbol(enzyme.__renderer__): Object {
    "batchedUpdates": [Function],
    "getNode": [Function],
    "render": [Function],
    "simulateError": [Function],
    "simulateEvent": [Function],
    "unmount": [Function],
  },
  Symbol(enzyme.__node__): Object {
    "instance": null,
    "key": undefined,
    "nodeType": "function",
    "props": Object {
      "children": Array [
        <InputField
          boundValue=""
          disabled={false}
          error=""
          label="Title"
          name="title"
          onInputChange={[Function]}
        />,
        <InputField
          boundValue=""
          disabled={false}
          error=""
          label="Sort By"
          name="sortBy"
          onInputChange={[Function]}
        />,
        <AuthorSelect
          author={
            Object {
              "firstName": "",
              "id": "98hfjsdbf9s8fhdf",
              "lastName": "",
            }
          }
          authors={Array []}
          disabled={false}
          error=""
          onChange={[Function]}
        />,
      ],
      "classes": Array [
        "book-form",
      ],
      "disabled": false,
      "onCancel": [Function],
      "onSubmit": [Function],
      "submitDisabled": false,
      "topLevelError": "",
    },
    "ref": null,
    "rendered": Array [
      Object {
        "instance": null,
        "key": undefined,
        "nodeType": "function",
        "props": Object {
          "boundValue": "",
          "disabled": false,
          "error": "",
          "label": "Title",
          "name": "title",
          "onInputChange": [Function],
        },
        "ref": null,
        "rendered": null,
        "type": [Function],
      },
      Object {
        "instance": null,
        "key": undefined,
        "nodeType": "function",
        "props": Object {
          "boundValue": "",
          "disabled": false,
          "error": "",
          "label": "Sort By",
          "name": "sortBy",
          "onInputChange": [Function],
        },
        "ref": null,
        "rendered": null,
        "type": [Function],
      },
      Object {
        "instance": null,
        "key": undefined,
        "nodeType": "function",
        "props": Object {
          "author": Object {
            "firstName": "",
            "id": "98hfjsdbf9s8fhdf",
            "lastName": "",
          },
          "authors": Array [],
          "disabled": false,
          "error": "",
          "onChange": [Function],
        },
        "ref": null,
        "rendered": null,
        "type": [Function],
      },
    ],
    "type": [Function],
  },
  Symbol(enzyme.__nodes__): Array [
    Object {
      "instance": null,
      "key": undefined,
      "nodeType": "function",
      "props": Object {
        "children": Array [
          <InputField
            boundValue=""
            disabled={false}
            error=""
            label="Title"
            name="title"
            onInputChange={[Function]}
          />,
          <InputField
            boundValue=""
            disabled={false}
            error=""
            label="Sort By"
            name="sortBy"
            onInputChange={[Function]}
          />,
          <AuthorSelect
            author={
              Object {
                "firstName": "",
                "id": "98hfjsdbf9s8fhdf",
                "lastName": "",
              }
            }
            authors={Array []}
            disabled={false}
            error=""
            onChange={[Function]}
          />,
        ],
        "classes": Array [
          "book-form",
        ],
        "disabled": false,
        "onCancel": [Function],
        "onSubmit": [Function],
        "submitDisabled": false,
        "topLevelError": "",
      },
      "ref": null,
      "rendered": Array [
        Object {
          "instance": null,
          "key": undefined,
          "nodeType": "function",
          "props": Object {
            "boundValue": "",
            "disabled": false,
            "error": "",
            "label": "Title",
            "name": "title",
            "onInputChange": [Function],
          },
          "ref": null,
          "rendered": null,
          "type": [Function],
        },
        Object {
          "instance": null,
          "key": undefined,
          "nodeType": "function",
          "props": Object {
            "boundValue": "",
            "disabled": false,
            "error": "",
            "label": "Sort By",
            "name": "sortBy",
            "onInputChange": [Function],
          },
          "ref": null,
          "rendered": null,
          "type": [Function],
        },
        Object {
          "instance": null,
          "key": undefined,
          "nodeType": "function",
          "props": Object {
            "author": Object {
              "firstName": "",
              "id": "98hfjsdbf9s8fhdf",
              "lastName": "",
            },
            "authors": Array [],
            "disabled": false,
            "error": "",
            "onChange": [Function],
          },
          "ref": null,
          "rendered": null,
          "type": [Function],
        },
      ],
      "type": [Function],
    },
  ],
  Symbol(enzyme.__options__): Object {
    "adapter": ReactSixteenAdapter {
      "options": Object {
        "enableComponentDidUpdateOnSetState": true,
        "lifecycles": Object {
          "componentDidUpdate": Object {
            "onSetState": true,
          },
          "getDerivedStateFromProps": true,
          "getSnapshotBeforeUpdate": true,
          "setState": Object {
            "skipsComponentDidUpdateOnNullish": true,
          },
        },
      },
    },
    "attachTo": undefined,
    "hydrateIn": undefined,
  },
}
`;
