// Jest Snapshot v1, https://goo.gl/fbAQLP

exports[`CardTextList basic rendering renders correctly 1`] = `
ShallowWrapper {
  Symbol(enzyme.__root__): [Circular],
  Symbol(enzyme.__unrendered__): <CardTextList
    textList={
      Array [
        Object {
          "title": "1",
          "value": "one",
        },
        Object {
          "title": "2",
          "value": "two",
        },
        Object {
          "title": "3",
          "value": "three",
        },
      ]
    }
  />,
  Symbol(enzyme.__renderer__): Object {
    "batchedUpdates": [Function],
    "getNode": [Function],
    "render": [Function],
    "simulateError": [Function],
    "simulateEvent": [Function],
    "unmount": [Function],
  },
  Symbol(enzyme.__node__): Object {
    "instance": null,
    "key": undefined,
    "nodeType": "function",
    "props": Object {
      "children": Array [
        <Styled(div)>
          <strong>
            1
            : 
          </strong>
          one
        </Styled(div)>,
        <Styled(div)>
          <strong>
            2
            : 
          </strong>
          two
        </Styled(div)>,
        <Styled(div)>
          <strong>
            3
            : 
          </strong>
          three
        </Styled(div)>,
      ],
    },
    "ref": null,
    "rendered": Array [
      Object {
        "instance": null,
        "key": "0",
        "nodeType": "class",
        "props": Object {
          "children": Array [
            <strong>
              1
              : 
            </strong>,
            "one",
          ],
        },
        "ref": null,
        "rendered": Array [
          Object {
            "instance": null,
            "key": undefined,
            "nodeType": "host",
            "props": Object {
              "children": Array [
                "1",
                ": ",
              ],
            },
            "ref": null,
            "rendered": Array [
              "1",
              ": ",
            ],
            "type": "strong",
          },
          "one",
        ],
        "type": [Function],
      },
      Object {
        "instance": null,
        "key": "1",
        "nodeType": "class",
        "props": Object {
          "children": Array [
            <strong>
              2
              : 
            </strong>,
            "two",
          ],
        },
        "ref": null,
        "rendered": Array [
          Object {
            "instance": null,
            "key": undefined,
            "nodeType": "host",
            "props": Object {
              "children": Array [
                "2",
                ": ",
              ],
            },
            "ref": null,
            "rendered": Array [
              "2",
              ": ",
            ],
            "type": "strong",
          },
          "two",
        ],
        "type": [Function],
      },
      Object {
        "instance": null,
        "key": "2",
        "nodeType": "class",
        "props": Object {
          "children": Array [
            <strong>
              3
              : 
            </strong>,
            "three",
          ],
        },
        "ref": null,
        "rendered": Array [
          Object {
            "instance": null,
            "key": undefined,
            "nodeType": "host",
            "props": Object {
              "children": Array [
                "3",
                ": ",
              ],
            },
            "ref": null,
            "rendered": Array [
              "3",
              ": ",
            ],
            "type": "strong",
          },
          "three",
        ],
        "type": [Function],
      },
    ],
    "type": Symbol(react.fragment),
  },
  Symbol(enzyme.__nodes__): Array [
    Object {
      "instance": null,
      "key": undefined,
      "nodeType": "function",
      "props": Object {
        "children": Array [
          <Styled(div)>
            <strong>
              1
              : 
            </strong>
            one
          </Styled(div)>,
          <Styled(div)>
            <strong>
              2
              : 
            </strong>
            two
          </Styled(div)>,
          <Styled(div)>
            <strong>
              3
              : 
            </strong>
            three
          </Styled(div)>,
        ],
      },
      "ref": null,
      "rendered": Array [
        Object {
          "instance": null,
          "key": "0",
          "nodeType": "class",
          "props": Object {
            "children": Array [
              <strong>
                1
                : 
              </strong>,
              "one",
            ],
          },
          "ref": null,
          "rendered": Array [
            Object {
              "instance": null,
              "key": undefined,
              "nodeType": "host",
              "props": Object {
                "children": Array [
                  "1",
                  ": ",
                ],
              },
              "ref": null,
              "rendered": Array [
                "1",
                ": ",
              ],
              "type": "strong",
            },
            "one",
          ],
          "type": [Function],
        },
        Object {
          "instance": null,
          "key": "1",
          "nodeType": "class",
          "props": Object {
            "children": Array [
              <strong>
                2
                : 
              </strong>,
              "two",
            ],
          },
          "ref": null,
          "rendered": Array [
            Object {
              "instance": null,
              "key": undefined,
              "nodeType": "host",
              "props": Object {
                "children": Array [
                  "2",
                  ": ",
                ],
              },
              "ref": null,
              "rendered": Array [
                "2",
                ": ",
              ],
              "type": "strong",
            },
            "two",
          ],
          "type": [Function],
        },
        Object {
          "instance": null,
          "key": "2",
          "nodeType": "class",
          "props": Object {
            "children": Array [
              <strong>
                3
                : 
              </strong>,
              "three",
            ],
          },
          "ref": null,
          "rendered": Array [
            Object {
              "instance": null,
              "key": undefined,
              "nodeType": "host",
              "props": Object {
                "children": Array [
                  "3",
                  ": ",
                ],
              },
              "ref": null,
              "rendered": Array [
                "3",
                ": ",
              ],
              "type": "strong",
            },
            "three",
          ],
          "type": [Function],
        },
      ],
      "type": Symbol(react.fragment),
    },
  ],
  Symbol(enzyme.__options__): Object {
    "adapter": ReactSixteenAdapter {
      "options": Object {
        "enableComponentDidUpdateOnSetState": true,
        "lifecycles": Object {
          "componentDidUpdate": Object {
            "onSetState": true,
          },
          "getDerivedStateFromProps": true,
          "getSnapshotBeforeUpdate": true,
          "setState": Object {
            "skipsComponentDidUpdateOnNullish": true,
          },
        },
      },
    },
    "attachTo": undefined,
    "hydrateIn": undefined,
  },
}
`;
