// Jest Snapshot v1, https://goo.gl/fbAQLP

exports[`PasswordResetForm the basics matches the snapshot 1`] = `
ShallowWrapper {
  "length": 1,
  Symbol(enzyme.__root__): [Circular],
  Symbol(enzyme.__unrendered__): <PasswordResetForm
    disabled={false}
    email="fakeemail@email.com"
    errors={
      Object {
        "email": "",
      }
    }
    onInputChange={[Function]}
    onSubmit={[Function]}
    submitDisabled={false}
    topLevelError=""
  />,
  Symbol(enzyme.__renderer__): Object {
    "batchedUpdates": [Function],
    "getNode": [Function],
    "render": [Function],
    "simulateEvent": [Function],
    "unmount": [Function],
  },
  Symbol(enzyme.__node__): Object {
    "instance": null,
    "key": undefined,
    "nodeType": "function",
    "props": Object {
      "children": <InputField
        boundValue="fakeemail@email.com"
        disabled={false}
        error=""
        label="Email"
        name="email"
        onInputChange={[Function]}
        type="email"
      />,
      "classes": Array [
        "password-reset-form",
      ],
      "disabled": false,
      "onSubmit": [Function],
      "submitBtnText": undefined,
      "submitDisabled": false,
      "topLevelError": "",
    },
    "ref": null,
    "rendered": Object {
      "instance": null,
      "key": undefined,
      "nodeType": "function",
      "props": Object {
        "boundValue": "fakeemail@email.com",
        "disabled": false,
        "error": "",
        "label": "Email",
        "name": "email",
        "onInputChange": [Function],
        "type": "email",
      },
      "ref": null,
      "rendered": null,
      "type": [Function],
    },
    "type": [Function],
  },
  Symbol(enzyme.__nodes__): Array [
    Object {
      "instance": null,
      "key": undefined,
      "nodeType": "function",
      "props": Object {
        "children": <InputField
          boundValue="fakeemail@email.com"
          disabled={false}
          error=""
          label="Email"
          name="email"
          onInputChange={[Function]}
          type="email"
        />,
        "classes": Array [
          "password-reset-form",
        ],
        "disabled": false,
        "onSubmit": [Function],
        "submitBtnText": undefined,
        "submitDisabled": false,
        "topLevelError": "",
      },
      "ref": null,
      "rendered": Object {
        "instance": null,
        "key": undefined,
        "nodeType": "function",
        "props": Object {
          "boundValue": "fakeemail@email.com",
          "disabled": false,
          "error": "",
          "label": "Email",
          "name": "email",
          "onInputChange": [Function],
          "type": "email",
        },
        "ref": null,
        "rendered": null,
        "type": [Function],
      },
      "type": [Function],
    },
  ],
  Symbol(enzyme.__options__): Object {
    "adapter": ReactSixteenAdapter {
      "options": Object {
        "enableComponentDidUpdateOnSetState": true,
      },
    },
  },
}
`;
