// Jest Snapshot v1, https://goo.gl/fbAQLP

exports[`BookListDetail basic rendering matches the snapshot 1`] = `
ShallowWrapper {
  Symbol(enzyme.__root__): [Circular],
  Symbol(enzyme.__unrendered__): <BookListDetail
    book={
      Object {
        "author": Object {
          "bookCount": 1,
          "created": 2017-07-01T01:16:43.881Z,
          "firstName": "Aldous",
          "id": "oiw223h3qndlksadffl3ksdf",
          "lastName": "Huxley",
          "updated": 2017-07-01T01:16:43.881Z,
        },
        "created": 2018-01-14T01:36:26.220Z,
        "id": "sv3hmbefpc95MRXQsTHr",
        "sortBy": "",
        "title": "Brave New World",
        "updated": 2018-01-14T01:36:26.220Z,
      }
    }
    onClick={[Function]}
  />,
  Symbol(enzyme.__renderer__): Object {
    "batchedUpdates": [Function],
    "getNode": [Function],
    "render": [Function],
    "simulateError": [Function],
    "simulateEvent": [Function],
    "unmount": [Function],
  },
  Symbol(enzyme.__node__): Object {
    "instance": null,
    "key": undefined,
    "nodeType": "function",
    "props": Object {
      "children": Array [
        <CardTextLine
          bold={true}
          text="Brave New World"
        />,
        false,
        "",
      ],
      "hoverable": true,
      "onClick": [Function],
    },
    "ref": null,
    "rendered": Array [
      Object {
        "instance": null,
        "key": undefined,
        "nodeType": "function",
        "props": Object {
          "bold": true,
          "text": "Brave New World",
        },
        "ref": null,
        "rendered": null,
        "type": [Function],
      },
      false,
      "",
    ],
    "type": [Function],
  },
  Symbol(enzyme.__nodes__): Array [
    Object {
      "instance": null,
      "key": undefined,
      "nodeType": "function",
      "props": Object {
        "children": Array [
          <CardTextLine
            bold={true}
            text="Brave New World"
          />,
          false,
          "",
        ],
        "hoverable": true,
        "onClick": [Function],
      },
      "ref": null,
      "rendered": Array [
        Object {
          "instance": null,
          "key": undefined,
          "nodeType": "function",
          "props": Object {
            "bold": true,
            "text": "Brave New World",
          },
          "ref": null,
          "rendered": null,
          "type": [Function],
        },
        false,
        "",
      ],
      "type": [Function],
    },
  ],
  Symbol(enzyme.__options__): Object {
    "adapter": ReactSixteenAdapter {
      "options": Object {
        "enableComponentDidUpdateOnSetState": true,
        "lifecycles": Object {
          "componentDidUpdate": Object {
            "onSetState": true,
          },
          "getDerivedStateFromProps": true,
          "getSnapshotBeforeUpdate": true,
          "setState": Object {
            "skipsComponentDidUpdateOnNullish": true,
          },
        },
      },
    },
    "attachTo": undefined,
    "hydrateIn": undefined,
  },
}
`;
