// Jest Snapshot v1, https://goo.gl/fbAQLP

exports[`BookBucketHeader matches the snapshot 1`] = `
ShallowWrapper {
  "length": 1,
  Symbol(enzyme.__root__): [Circular],
  Symbol(enzyme.__unrendered__): <BookBucketHeader
    bucket={
      Object {
        "author": "Aldous Huxley",
        "books": Array [
          Object {
            "author": Object {
              "bookCount": 1,
              "created": 2017-07-01T01:16:43.881Z,
              "firstName": "Aldous",
              "id": "oiw223h3qndlksadffl3ksdf",
              "lastName": "Huxley",
              "updated": 2017-07-01T01:16:43.881Z,
            },
            "created": 2018-01-14T01:36:26.220Z,
            "id": "sv3hmbefpc95MRXQsTHr",
            "title": "Brave New World",
            "updated": 2018-01-14T01:36:26.220Z,
          },
          Object {
            "author": Object {
              "bookCount": 1,
              "created": 2017-07-01T01:16:43.881Z,
              "firstName": "Aldous",
              "id": "oiw223h3qndlksadffl3ksdf",
              "lastName": "Huxley",
              "updated": 2017-07-01T01:16:43.881Z,
            },
            "created": 2018-01-15T01:36:26.220Z,
            "id": "Hmh9eR3rs5bMvsTXfpcQ",
            "title": "Island",
            "updated": 2018-01-15T01:36:26.220Z,
          },
          Object {
            "author": Object {
              "bookCount": 1,
              "created": 2017-07-01T01:16:43.881Z,
              "firstName": "Aldous",
              "id": "oiw223h3qndlksadffl3ksdf",
              "lastName": "Huxley",
              "updated": 2017-07-01T01:16:43.881Z,
            },
            "created": 2018-01-16T01:36:26.220Z,
            "id": "eRpcQ5H3rsTXfmh9bMvs",
            "title": "The Doors of Perception",
            "updated": 2018-01-16T01:36:26.220Z,
          },
        ],
      }
    }
  />,
  Symbol(enzyme.__renderer__): Object {
    "batchedUpdates": [Function],
    "getNode": [Function],
    "render": [Function],
    "simulateEvent": [Function],
    "unmount": [Function],
  },
  Symbol(enzyme.__node__): Object {
    "instance": null,
    "key": undefined,
    "nodeType": "host",
    "props": Object {
      "children": <p>
        Aldous Huxley
      </p>,
      "className": "bookly-book-bucket__header",
    },
    "ref": null,
    "rendered": Object {
      "instance": null,
      "key": undefined,
      "nodeType": "host",
      "props": Object {
        "children": "Aldous Huxley",
      },
      "ref": null,
      "rendered": "Aldous Huxley",
      "type": "p",
    },
    "type": "div",
  },
  Symbol(enzyme.__nodes__): Array [
    Object {
      "instance": null,
      "key": undefined,
      "nodeType": "host",
      "props": Object {
        "children": <p>
          Aldous Huxley
        </p>,
        "className": "bookly-book-bucket__header",
      },
      "ref": null,
      "rendered": Object {
        "instance": null,
        "key": undefined,
        "nodeType": "host",
        "props": Object {
          "children": "Aldous Huxley",
        },
        "ref": null,
        "rendered": "Aldous Huxley",
        "type": "p",
      },
      "type": "div",
    },
  ],
  Symbol(enzyme.__options__): Object {
    "adapter": ReactSixteenAdapter {
      "options": Object {
        "enableComponentDidUpdateOnSetState": true,
      },
    },
  },
}
`;
