// Jest Snapshot v1, https://goo.gl/fbAQLP

exports[`VerifyAccountNotice matches the snapshot 1`] = `
ShallowWrapper {
  "length": 1,
  Symbol(enzyme.__root__): [Circular],
  Symbol(enzyme.__unrendered__): <VerifyAccountNotice
    emailHasBeenSent={false}
    onSendLinkClick={[Function]}
  />,
  Symbol(enzyme.__renderer__): Object {
    "batchedUpdates": [Function],
    "getNode": [Function],
    "render": [Function],
    "simulateEvent": [Function],
    "unmount": [Function],
  },
  Symbol(enzyme.__node__): Object {
    "instance": null,
    "key": undefined,
    "nodeType": "function",
    "props": Object {
      "children": Array [
        <CardTextLine
          bold={true}
          text="Your email address has not been verified!"
        />,
        <CardTextLine
          text="Your must verify your email address before your account will be active."
        />,
        <CardSpacer />,
        <Button
          onClick={[Function]}
          text="Resend Verification Link"
          type="warning"
        />,
      ],
      "classes": Array [
        "detail-card",
        "verify-account-card",
      ],
      "hoverable": false,
    },
    "ref": null,
    "rendered": Array [
      Object {
        "instance": null,
        "key": undefined,
        "nodeType": "function",
        "props": Object {
          "bold": true,
          "text": "Your email address has not been verified!",
        },
        "ref": null,
        "rendered": null,
        "type": [Function],
      },
      Object {
        "instance": null,
        "key": undefined,
        "nodeType": "function",
        "props": Object {
          "text": "Your must verify your email address before your account will be active.",
        },
        "ref": null,
        "rendered": null,
        "type": [Function],
      },
      Object {
        "instance": null,
        "key": undefined,
        "nodeType": "function",
        "props": Object {},
        "ref": null,
        "rendered": null,
        "type": [Function],
      },
      Object {
        "instance": null,
        "key": undefined,
        "nodeType": "function",
        "props": Object {
          "onClick": [Function],
          "text": "Resend Verification Link",
          "type": "warning",
        },
        "ref": null,
        "rendered": null,
        "type": [Function],
      },
    ],
    "type": [Function],
  },
  Symbol(enzyme.__nodes__): Array [
    Object {
      "instance": null,
      "key": undefined,
      "nodeType": "function",
      "props": Object {
        "children": Array [
          <CardTextLine
            bold={true}
            text="Your email address has not been verified!"
          />,
          <CardTextLine
            text="Your must verify your email address before your account will be active."
          />,
          <CardSpacer />,
          <Button
            onClick={[Function]}
            text="Resend Verification Link"
            type="warning"
          />,
        ],
        "classes": Array [
          "detail-card",
          "verify-account-card",
        ],
        "hoverable": false,
      },
      "ref": null,
      "rendered": Array [
        Object {
          "instance": null,
          "key": undefined,
          "nodeType": "function",
          "props": Object {
            "bold": true,
            "text": "Your email address has not been verified!",
          },
          "ref": null,
          "rendered": null,
          "type": [Function],
        },
        Object {
          "instance": null,
          "key": undefined,
          "nodeType": "function",
          "props": Object {
            "text": "Your must verify your email address before your account will be active.",
          },
          "ref": null,
          "rendered": null,
          "type": [Function],
        },
        Object {
          "instance": null,
          "key": undefined,
          "nodeType": "function",
          "props": Object {},
          "ref": null,
          "rendered": null,
          "type": [Function],
        },
        Object {
          "instance": null,
          "key": undefined,
          "nodeType": "function",
          "props": Object {
            "onClick": [Function],
            "text": "Resend Verification Link",
            "type": "warning",
          },
          "ref": null,
          "rendered": null,
          "type": [Function],
        },
      ],
      "type": [Function],
    },
  ],
  Symbol(enzyme.__options__): Object {
    "adapter": ReactSixteenAdapter {
      "options": Object {
        "enableComponentDidUpdateOnSetState": true,
      },
    },
  },
}
`;
