// Jest Snapshot v1, https://goo.gl/fbAQLP

exports[`AccountEditView matches the snapshot 1`] = `
ShallowWrapper {
  Symbol(enzyme.__root__): [Circular],
  Symbol(enzyme.__unrendered__): <AccountEditView
    disabled={false}
    errors={
      Object {
        "firstName": "",
        "lastName": "",
      }
    }
    onCancelClick={[Function]}
    onInputChange={[Function]}
    onSubmit={[Function]}
    profile={
      Object {
        "created": 2017-07-01T01:16:43.881Z,
        "firstName": "Larry",
        "lastName": "Finklestein",
        "owner": "oiw223h3qndlksadffl3ksdf",
        "updated": 2017-07-01T01:16:43.881Z,
      }
    }
    submitDisabled={false}
    topLevelError=""
  />,
  Symbol(enzyme.__renderer__): Object {
    "batchedUpdates": [Function],
    "getNode": [Function],
    "render": [Function],
    "simulateError": [Function],
    "simulateEvent": [Function],
    "unmount": [Function],
  },
  Symbol(enzyme.__node__): Object {
    "instance": null,
    "key": undefined,
    "nodeType": "host",
    "props": Object {
      "children": <Card
        header="Update My Account"
      >
        <AccountForm
          disabled={false}
          errors={
            Object {
              "firstName": "",
              "lastName": "",
            }
          }
          onCancel={[Function]}
          onInputChange={[Function]}
          onSubmit={[Function]}
          profile={
            Object {
              "created": 2017-07-01T01:16:43.881Z,
              "firstName": "Larry",
              "lastName": "Finklestein",
              "owner": "oiw223h3qndlksadffl3ksdf",
              "updated": 2017-07-01T01:16:43.881Z,
            }
          }
          submitDisabled={false}
          topLevelError=""
        />
      </Card>,
      "className": undefined,
    },
    "ref": null,
    "rendered": Object {
      "instance": null,
      "key": undefined,
      "nodeType": "function",
      "props": Object {
        "children": <AccountForm
          disabled={false}
          errors={
            Object {
              "firstName": "",
              "lastName": "",
            }
          }
          onCancel={[Function]}
          onInputChange={[Function]}
          onSubmit={[Function]}
          profile={
            Object {
              "created": 2017-07-01T01:16:43.881Z,
              "firstName": "Larry",
              "lastName": "Finklestein",
              "owner": "oiw223h3qndlksadffl3ksdf",
              "updated": 2017-07-01T01:16:43.881Z,
            }
          }
          submitDisabled={false}
          topLevelError=""
        />,
        "header": "Update My Account",
      },
      "ref": null,
      "rendered": Object {
        "instance": null,
        "key": undefined,
        "nodeType": "function",
        "props": Object {
          "disabled": false,
          "errors": Object {
            "firstName": "",
            "lastName": "",
          },
          "onCancel": [Function],
          "onInputChange": [Function],
          "onSubmit": [Function],
          "profile": Object {
            "created": 2017-07-01T01:16:43.881Z,
            "firstName": "Larry",
            "lastName": "Finklestein",
            "owner": "oiw223h3qndlksadffl3ksdf",
            "updated": 2017-07-01T01:16:43.881Z,
          },
          "submitDisabled": false,
          "topLevelError": "",
        },
        "ref": null,
        "rendered": null,
        "type": [Function],
      },
      "type": [Function],
    },
    "type": "div",
  },
  Symbol(enzyme.__nodes__): Array [
    Object {
      "instance": null,
      "key": undefined,
      "nodeType": "host",
      "props": Object {
        "children": <Card
          header="Update My Account"
        >
          <AccountForm
            disabled={false}
            errors={
              Object {
                "firstName": "",
                "lastName": "",
              }
            }
            onCancel={[Function]}
            onInputChange={[Function]}
            onSubmit={[Function]}
            profile={
              Object {
                "created": 2017-07-01T01:16:43.881Z,
                "firstName": "Larry",
                "lastName": "Finklestein",
                "owner": "oiw223h3qndlksadffl3ksdf",
                "updated": 2017-07-01T01:16:43.881Z,
              }
            }
            submitDisabled={false}
            topLevelError=""
          />
        </Card>,
        "className": undefined,
      },
      "ref": null,
      "rendered": Object {
        "instance": null,
        "key": undefined,
        "nodeType": "function",
        "props": Object {
          "children": <AccountForm
            disabled={false}
            errors={
              Object {
                "firstName": "",
                "lastName": "",
              }
            }
            onCancel={[Function]}
            onInputChange={[Function]}
            onSubmit={[Function]}
            profile={
              Object {
                "created": 2017-07-01T01:16:43.881Z,
                "firstName": "Larry",
                "lastName": "Finklestein",
                "owner": "oiw223h3qndlksadffl3ksdf",
                "updated": 2017-07-01T01:16:43.881Z,
              }
            }
            submitDisabled={false}
            topLevelError=""
          />,
          "header": "Update My Account",
        },
        "ref": null,
        "rendered": Object {
          "instance": null,
          "key": undefined,
          "nodeType": "function",
          "props": Object {
            "disabled": false,
            "errors": Object {
              "firstName": "",
              "lastName": "",
            },
            "onCancel": [Function],
            "onInputChange": [Function],
            "onSubmit": [Function],
            "profile": Object {
              "created": 2017-07-01T01:16:43.881Z,
              "firstName": "Larry",
              "lastName": "Finklestein",
              "owner": "oiw223h3qndlksadffl3ksdf",
              "updated": 2017-07-01T01:16:43.881Z,
            },
            "submitDisabled": false,
            "topLevelError": "",
          },
          "ref": null,
          "rendered": null,
          "type": [Function],
        },
        "type": [Function],
      },
      "type": "div",
    },
  ],
  Symbol(enzyme.__options__): Object {
    "adapter": ReactSixteenAdapter {
      "options": Object {
        "enableComponentDidUpdateOnSetState": true,
        "lifecycles": Object {
          "componentDidUpdate": Object {
            "onSetState": true,
          },
          "getDerivedStateFromProps": true,
          "getSnapshotBeforeUpdate": true,
          "setState": Object {
            "skipsComponentDidUpdateOnNullish": true,
          },
        },
      },
    },
    "attachTo": undefined,
    "hydrateIn": undefined,
  },
}
`;
