// Jest Snapshot v1, https://goo.gl/fbAQLP

exports[`AccountDetailView matches the snapshot 1`] = `
ShallowWrapper {
  "length": 1,
  Symbol(enzyme.__root__): [Circular],
  Symbol(enzyme.__unrendered__): <AccountDetailView
    onLogoutClick={[Function]}
    user={Object {}}
  />,
  Symbol(enzyme.__renderer__): Object {
    "batchedUpdates": [Function],
    "getNode": [Function],
    "render": [Function],
    "simulateEvent": [Function],
    "unmount": [Function],
  },
  Symbol(enzyme.__node__): Object {
    "instance": null,
    "key": undefined,
    "nodeType": "host",
    "props": Object {
      "children": <Card
        classes={
          Array [
            "detail-card",
            "account-detail-card",
          ]
        }
        hoverable={false}
        title="My Account"
      >
        <CardTextList
          textList={
            Array [
              Object {
                "title": "Email",
                "value": "mockuser1@gmail.com",
              },
            ]
          }
        />
        <CardDivider />
        <CardTextList
          textList={
            Array [
              Object {
                "title": "Registered",
                "value": "Jun. 30, 2017, 12:52:54",
              },
              Object {
                "title": "Last login",
                "value": "Jun. 30, 2017, 18:11:03",
              },
            ]
          }
        />
        <CardDivider />
        <ButtonRow>
          <Button
            onClick={[Function]}
            position="left"
            text="Logout"
            type="info"
          />
        </ButtonRow>
      </Card>,
      "className": "bookly-detail-view bookly-account-detail-view",
    },
    "ref": null,
    "rendered": Object {
      "instance": null,
      "key": undefined,
      "nodeType": "function",
      "props": Object {
        "children": Array [
          <CardTextList
            textList={
              Array [
                Object {
                  "title": "Email",
                  "value": "mockuser1@gmail.com",
                },
              ]
            }
          />,
          <CardDivider />,
          <CardTextList
            textList={
              Array [
                Object {
                  "title": "Registered",
                  "value": "Jun. 30, 2017, 12:52:54",
                },
                Object {
                  "title": "Last login",
                  "value": "Jun. 30, 2017, 18:11:03",
                },
              ]
            }
          />,
          <CardDivider />,
          <ButtonRow>
            <Button
              onClick={[Function]}
              position="left"
              text="Logout"
              type="info"
            />
          </ButtonRow>,
        ],
        "classes": Array [
          "detail-card",
          "account-detail-card",
        ],
        "hoverable": false,
        "title": "My Account",
      },
      "ref": null,
      "rendered": Array [
        Object {
          "instance": null,
          "key": undefined,
          "nodeType": "function",
          "props": Object {
            "textList": Array [
              Object {
                "title": "Email",
                "value": "mockuser1@gmail.com",
              },
            ],
          },
          "ref": null,
          "rendered": null,
          "type": [Function],
        },
        Object {
          "instance": null,
          "key": undefined,
          "nodeType": "function",
          "props": Object {},
          "ref": null,
          "rendered": null,
          "type": [Function],
        },
        Object {
          "instance": null,
          "key": undefined,
          "nodeType": "function",
          "props": Object {
            "textList": Array [
              Object {
                "title": "Registered",
                "value": "Jun. 30, 2017, 12:52:54",
              },
              Object {
                "title": "Last login",
                "value": "Jun. 30, 2017, 18:11:03",
              },
            ],
          },
          "ref": null,
          "rendered": null,
          "type": [Function],
        },
        Object {
          "instance": null,
          "key": undefined,
          "nodeType": "function",
          "props": Object {},
          "ref": null,
          "rendered": null,
          "type": [Function],
        },
        Object {
          "instance": null,
          "key": undefined,
          "nodeType": "function",
          "props": Object {
            "children": <Button
              onClick={[Function]}
              position="left"
              text="Logout"
              type="info"
            />,
          },
          "ref": null,
          "rendered": Object {
            "instance": null,
            "key": undefined,
            "nodeType": "function",
            "props": Object {
              "onClick": [Function],
              "position": "left",
              "text": "Logout",
              "type": "info",
            },
            "ref": null,
            "rendered": null,
            "type": [Function],
          },
          "type": [Function],
        },
      ],
      "type": [Function],
    },
    "type": "div",
  },
  Symbol(enzyme.__nodes__): Array [
    Object {
      "instance": null,
      "key": undefined,
      "nodeType": "host",
      "props": Object {
        "children": <Card
          classes={
            Array [
              "detail-card",
              "account-detail-card",
            ]
          }
          hoverable={false}
          title="My Account"
        >
          <CardTextList
            textList={
              Array [
                Object {
                  "title": "Email",
                  "value": "mockuser1@gmail.com",
                },
              ]
            }
          />
          <CardDivider />
          <CardTextList
            textList={
              Array [
                Object {
                  "title": "Registered",
                  "value": "Jun. 30, 2017, 12:52:54",
                },
                Object {
                  "title": "Last login",
                  "value": "Jun. 30, 2017, 18:11:03",
                },
              ]
            }
          />
          <CardDivider />
          <ButtonRow>
            <Button
              onClick={[Function]}
              position="left"
              text="Logout"
              type="info"
            />
          </ButtonRow>
        </Card>,
        "className": "bookly-detail-view bookly-account-detail-view",
      },
      "ref": null,
      "rendered": Object {
        "instance": null,
        "key": undefined,
        "nodeType": "function",
        "props": Object {
          "children": Array [
            <CardTextList
              textList={
                Array [
                  Object {
                    "title": "Email",
                    "value": "mockuser1@gmail.com",
                  },
                ]
              }
            />,
            <CardDivider />,
            <CardTextList
              textList={
                Array [
                  Object {
                    "title": "Registered",
                    "value": "Jun. 30, 2017, 12:52:54",
                  },
                  Object {
                    "title": "Last login",
                    "value": "Jun. 30, 2017, 18:11:03",
                  },
                ]
              }
            />,
            <CardDivider />,
            <ButtonRow>
              <Button
                onClick={[Function]}
                position="left"
                text="Logout"
                type="info"
              />
            </ButtonRow>,
          ],
          "classes": Array [
            "detail-card",
            "account-detail-card",
          ],
          "hoverable": false,
          "title": "My Account",
        },
        "ref": null,
        "rendered": Array [
          Object {
            "instance": null,
            "key": undefined,
            "nodeType": "function",
            "props": Object {
              "textList": Array [
                Object {
                  "title": "Email",
                  "value": "mockuser1@gmail.com",
                },
              ],
            },
            "ref": null,
            "rendered": null,
            "type": [Function],
          },
          Object {
            "instance": null,
            "key": undefined,
            "nodeType": "function",
            "props": Object {},
            "ref": null,
            "rendered": null,
            "type": [Function],
          },
          Object {
            "instance": null,
            "key": undefined,
            "nodeType": "function",
            "props": Object {
              "textList": Array [
                Object {
                  "title": "Registered",
                  "value": "Jun. 30, 2017, 12:52:54",
                },
                Object {
                  "title": "Last login",
                  "value": "Jun. 30, 2017, 18:11:03",
                },
              ],
            },
            "ref": null,
            "rendered": null,
            "type": [Function],
          },
          Object {
            "instance": null,
            "key": undefined,
            "nodeType": "function",
            "props": Object {},
            "ref": null,
            "rendered": null,
            "type": [Function],
          },
          Object {
            "instance": null,
            "key": undefined,
            "nodeType": "function",
            "props": Object {
              "children": <Button
                onClick={[Function]}
                position="left"
                text="Logout"
                type="info"
              />,
            },
            "ref": null,
            "rendered": Object {
              "instance": null,
              "key": undefined,
              "nodeType": "function",
              "props": Object {
                "onClick": [Function],
                "position": "left",
                "text": "Logout",
                "type": "info",
              },
              "ref": null,
              "rendered": null,
              "type": [Function],
            },
            "type": [Function],
          },
        ],
        "type": [Function],
      },
      "type": "div",
    },
  ],
  Symbol(enzyme.__options__): Object {
    "adapter": ReactSixteenAdapter {
      "options": Object {
        "enableComponentDidUpdateOnSetState": true,
      },
    },
  },
}
`;
